Archive member included to satisfy reference by file (symbol)

c:/Users/DELL/.pico-sdk/toolchain/14_2_Rel1/bin/../lib/gcc/arm-none-eabi/14.2.1/thumb/v6-m/nofp\libgcc.a(_dvmd_tls.o)
                              CMakeFiles/MainPCB.dir/C_/Users/DELL/.pico-sdk/sdk/2.2.0/src/rp2_common/pico_divider/divider_hardware.S.obj (__aeabi_idiv0)
c:/Users/DELL/.pico-sdk/toolchain/14_2_Rel1/bin/../lib/gcc/arm-none-eabi/14.2.1/thumb/v6-m/nofp\libg.a(libc_a-calloc.o)
                              CMakeFiles/MainPCB.dir/C_/Users/DELL/.pico-sdk/sdk/2.2.0/src/rp2_common/pico_malloc/malloc.c.obj (calloc)
c:/Users/DELL/.pico-sdk/toolchain/14_2_Rel1/bin/../lib/gcc/arm-none-eabi/14.2.1/thumb/v6-m/nofp\libg.a(libc_a-callocr.o)
                              c:/Users/DELL/.pico-sdk/toolchain/14_2_Rel1/bin/../lib/gcc/arm-none-eabi/14.2.1/thumb/v6-m/nofp\libg.a(libc_a-calloc.o) (_calloc_r)
c:/Users/DELL/.pico-sdk/toolchain/14_2_Rel1/bin/../lib/gcc/arm-none-eabi/14.2.1/thumb/v6-m/nofp\libg.a(libc_a-malloc.o)
                              CMakeFiles/MainPCB.dir/C_/Users/DELL/.pico-sdk/sdk/2.2.0/src/rp2_common/pico_malloc/malloc.c.obj (malloc)
c:/Users/DELL/.pico-sdk/toolchain/14_2_Rel1/bin/../lib/gcc/arm-none-eabi/14.2.1/thumb/v6-m/nofp\libg.a(libc_a-mallocr.o)
                              c:/Users/DELL/.pico-sdk/toolchain/14_2_Rel1/bin/../lib/gcc/arm-none-eabi/14.2.1/thumb/v6-m/nofp\libg.a(libc_a-callocr.o) (_malloc_r)
c:/Users/DELL/.pico-sdk/toolchain/14_2_Rel1/bin/../lib/gcc/arm-none-eabi/14.2.1/thumb/v6-m/nofp\libg.a(libc_a-mlock.o)
                              c:/Users/DELL/.pico-sdk/toolchain/14_2_Rel1/bin/../lib/gcc/arm-none-eabi/14.2.1/thumb/v6-m/nofp\libg.a(libc_a-mallocr.o) (__malloc_lock)
c:/Users/DELL/.pico-sdk/toolchain/14_2_Rel1/bin/../lib/gcc/arm-none-eabi/14.2.1/thumb/v6-m/nofp\libg.a(libc_a-realloc.o)
                              CMakeFiles/MainPCB.dir/C_/Users/DELL/.pico-sdk/sdk/2.2.0/src/rp2_common/pico_malloc/malloc.c.obj (realloc)
c:/Users/DELL/.pico-sdk/toolchain/14_2_Rel1/bin/../lib/gcc/arm-none-eabi/14.2.1/thumb/v6-m/nofp\libg.a(libc_a-reallocr.o)
                              c:/Users/DELL/.pico-sdk/toolchain/14_2_Rel1/bin/../lib/gcc/arm-none-eabi/14.2.1/thumb/v6-m/nofp\libg.a(libc_a-realloc.o) (_realloc_r)
c:/Users/DELL/.pico-sdk/toolchain/14_2_Rel1/bin/../lib/gcc/arm-none-eabi/14.2.1/thumb/v6-m/nofp\libg.a(libc_a-ctype_.o)
                              CMakeFiles/MainPCB.dir/C_/Users/DELL/.pico-sdk/sdk/2.2.0/lib/tinyusb/src/tusb.c.obj (_ctype_)
c:/Users/DELL/.pico-sdk/toolchain/14_2_Rel1/bin/../lib/gcc/arm-none-eabi/14.2.1/thumb/v6-m/nofp\libg.a(libc_a-memcmp.o)
                              CMakeFiles/MainPCB.dir/C_/Users/DELL/.pico-sdk/sdk/2.2.0/src/rp2_common/pico_atomic/atomic.c.obj (memcmp)
c:/Users/DELL/.pico-sdk/toolchain/14_2_Rel1/bin/../lib/gcc/arm-none-eabi/14.2.1/thumb/v6-m/nofp\libg.a(libc_a-memmove.o)
                              c:/Users/DELL/.pico-sdk/toolchain/14_2_Rel1/bin/../lib/gcc/arm-none-eabi/14.2.1/thumb/v6-m/nofp\libg.a(libc_a-reallocr.o) (memmove)
c:/Users/DELL/.pico-sdk/toolchain/14_2_Rel1/bin/../lib/gcc/arm-none-eabi/14.2.1/thumb/v6-m/nofp\libg.a(libc_a-lcltime_r.o)
                              CMakeFiles/MainPCB.dir/C_/Users/DELL/.pico-sdk/sdk/2.2.0/src/common/pico_util/datetime.c.obj (localtime_r)
c:/Users/DELL/.pico-sdk/toolchain/14_2_Rel1/bin/../lib/gcc/arm-none-eabi/14.2.1/thumb/v6-m/nofp\libg.a(libc_a-mktime.o)
                              CMakeFiles/MainPCB.dir/C_/Users/DELL/.pico-sdk/sdk/2.2.0/src/common/pico_util/datetime.c.obj (mktime)
c:/Users/DELL/.pico-sdk/toolchain/14_2_Rel1/bin/../lib/gcc/arm-none-eabi/14.2.1/thumb/v6-m/nofp\libg.a(libc_a-month_lengths.o)
                              c:/Users/DELL/.pico-sdk/toolchain/14_2_Rel1/bin/../lib/gcc/arm-none-eabi/14.2.1/thumb/v6-m/nofp\libg.a(libc_a-lcltime_r.o) (__month_lengths)
c:/Users/DELL/.pico-sdk/toolchain/14_2_Rel1/bin/../lib/gcc/arm-none-eabi/14.2.1/thumb/v6-m/nofp\libg.a(libc_a-tzcalc_limits.o)
                              c:/Users/DELL/.pico-sdk/toolchain/14_2_Rel1/bin/../lib/gcc/arm-none-eabi/14.2.1/thumb/v6-m/nofp\libg.a(libc_a-lcltime_r.o) (__tzcalc_limits)
c:/Users/DELL/.pico-sdk/toolchain/14_2_Rel1/bin/../lib/gcc/arm-none-eabi/14.2.1/thumb/v6-m/nofp\libg.a(libc_a-tzlock.o)
                              c:/Users/DELL/.pico-sdk/toolchain/14_2_Rel1/bin/../lib/gcc/arm-none-eabi/14.2.1/thumb/v6-m/nofp\libg.a(libc_a-lcltime_r.o) (__tz_lock)
c:/Users/DELL/.pico-sdk/toolchain/14_2_Rel1/bin/../lib/gcc/arm-none-eabi/14.2.1/thumb/v6-m/nofp\libg.a(libc_a-tzset.o)
                              c:/Users/DELL/.pico-sdk/toolchain/14_2_Rel1/bin/../lib/gcc/arm-none-eabi/14.2.1/thumb/v6-m/nofp\libg.a(libc_a-lcltime_r.o) (_tzset_unlocked)
c:/Users/DELL/.pico-sdk/toolchain/14_2_Rel1/bin/../lib/gcc/arm-none-eabi/14.2.1/thumb/v6-m/nofp\libg.a(libc_a-tzset_r.o)
                              c:/Users/DELL/.pico-sdk/toolchain/14_2_Rel1/bin/../lib/gcc/arm-none-eabi/14.2.1/thumb/v6-m/nofp\libg.a(libc_a-tzset.o) (_tzset_unlocked_r)
[...]
Memory Configuration

Name             Origin             Length             Attributes
FLASH            0x10000000         0x00200000         xr
RAM              0x20000000         0x00040000         xrw
SCRATCH_X        0x20040000         0x00001000         xrw
SCRATCH_Y        0x20041000         0x00001000         xrw
*default*        0x00000000         0xffffffff

Linker script and memory map

LOAD c:/Users/DELL/.pico-sdk/toolchain/14_2_Rel1/bin/../lib/gcc/arm-none-eabi/14.2.1/thumb/v6-m/nofp/crti.o
LOAD c:/Users/DELL/.pico-sdk/toolchain/14_2_Rel1/bin/../lib/gcc/arm-none-eabi/14.2.1/thumb/v6-m/nofp/crtbegin.o
LOAD c:/Users/DELL/.pico-sdk/toolchain/14_2_Rel1/bin/../lib/gcc/arm-none-eabi/14.2.1/thumb/v6-m/nofp/crt0.o

.flash_begin    0x10000000        0x0
                0x10000000                        __flash_binary_start = .

.boot2          0x10000000      0x100
                0x10000000                        __boot2_start__ = .
 *(.boot2)
 .boot2         0x10000000      0x100 pico-sdk/src/rp2040/boot_stage2/CMakeFiles/bs2_default_library.dir/./bs2_default_padded_checksummed.S.obj
                0x10000100                        __boot2_end__ = .
                0x00000001                        ASSERT (((__boot2_end__ - __boot2_start__) == 0x100), ERROR: Pico second stage bootloader must be 256 bytes in size)

.text           0x10000100     0x343c
                0x10000100                        __logical_binary_start = .
 *(.vectors)
 .vectors       0x10000100       0xd4 CMakeFiles/MainPCB.dir/C_/Users/DELL/.pico-sdk/sdk/2.2.0/src/rp2_common/pico_crt0/crt0.S.obj
                0x10000100                __VECTOR_TABLE
                0x10000100                __vectors
                0x100001c0                isr_irq13
                0x100001c0                isr_irq27
                0x100001c0                isr_irq31
                0x100001c0                isr_irq12
                0x100001c0                isr_irq5
                0x100001c0                isr_irq11
                0x100001c0                isr_irq3
                0x100001c0                isr_irq23
                0x100001c0                __unhandled_user_irq
                0x100001c0                isr_irq26
                0x100001c0                isr_irq28
                0x100001c0                isr_irq19
                0x100001c0                isr_irq0
                0x100001c0                isr_irq6
                0x100001c0                isr_irq29
                0x100001c0                isr_irq16
                0x100001c0                isr_irq22
                0x100001c0                isr_irq18
                0x100001c0                isr_irq17
                0x100001c0                isr_irq14
                0x100001c0                __vectors_end
                0x100001c0                __default_isrs_start
                0x100001c0                isr_irq2
                0x100001c0                isr_irq10
                0x100001c0                isr_irq8
                0x100001c0                isr_irq24
                0x100001c0                isr_irq1
                0x100001c0                isr_irq7
                0x100001c0                isr_irq21
                0x100001c0                isr_irq20
                0x100001c0                isr_irq15
                0x100001c0                isr_irq25
                0x100001c0                isr_irq4
                0x100001c0                isr_irq30
                0x100001c0                isr_irq9
                0x100001c6                unhandled_user_irq_num_in_r0
                0x100001c8                isr_invalid
                0x100001ca                isr_nmi
                0x100001cc                isr_hardfault
                0x100001ce                isr_svcall
                0x100001d0                isr_pendsv
                0x100001d2                isr_systick
                0x100001d4                __default_isrs_end
 *(.binary_info_header)
 .binary_info_header
                0x100001d4       0x14 CMakeFiles/MainPCB.dir/C_/Users/DELL/.pico-sdk/sdk/2.2.0/src/rp2_common/pico_crt0/crt0.S.obj
                0x100001e8                        __binary_info_header_end = .
 *(.embedded_block)
                0x100001e8                        __embedded_block_end = .
 *(.reset)
 .reset         0x100001e8       0x9c CMakeFiles/MainPCB.dir/C_/Users/DELL/.pico-sdk/sdk/2.2.0/src/rp2_common/pico_crt0/crt0.S.obj
                0x100001e8                _entry_point
 *(.init)
 .init          0x10000284        0x4 c:/Users/DELL/.pico-sdk/toolchain/14_2_Rel1/bin/../lib/gcc/arm-none-eabi/14.2.1/thumb/v6-m/nofp/crti.o
                0x10000284                _init
 *(EXCLUDE_FILE(*libm.a: *libc.a:*lib_a-mem*.o *libgcc.a:) .text*)
 .text.register_tm_clones
                0x10000288       0x28 c:/Users/DELL/.pico-sdk/toolchain/14_2_Rel1/bin/../lib/gcc/arm-none-eabi/14.2.1/thumb/v6-m/nofp/crtbegin.o
 .text.frame_dummy
                0x100002b0       0x24 c:/Users/DELL/.pico-sdk/toolchain/14_2_Rel1/bin/../lib/gcc/arm-none-eabi/14.2.1/thumb/v6-m/nofp/crtbegin.o
 .text.panic    0x100002d4       0x30 CMakeFiles/MainPCB.dir/C_/Users/DELL/.pico-sdk/sdk/2.2.0/src/rp2_common/pico_platform_panic/panic.c.obj
                0x100002d4                panic
 .text.hw_claim_lock
                0x10000304       0x18 CMakeFiles/MainPCB.dir/C_/Users/DELL/.pico-sdk/sdk/2.2.0/src/common/hardware_claim/claim.c.obj
                0x10000304                hw_claim_lock
 .text.hw_claim_unlock
                0x1000031c       0x14 CMakeFiles/MainPCB.dir/C_/Users/DELL/.pico-sdk/sdk/2.2.0/src/common/hardware_claim/claim.c.obj
                0x1000031c                hw_claim_unlock
 .text.hw_claim_or_assert
                0x10000330       0x32 CMakeFiles/MainPCB.dir/C_/Users/DELL/.pico-sdk/sdk/2.2.0/src/common/hardware_claim/claim.c.obj
                0x10000330                hw_claim_or_assert
 *fill*         0x10000362        0x2 
 .text.next_striped_spin_lock_num
                0x10000364       0x1c CMakeFiles/MainPCB.dir/C_/Users/DELL/.pico-sdk/sdk/2.2.0/src/rp2_common/hardware_sync/sync.c.obj
                0x10000364                next_striped_spin_lock_num
 .text.spin_locks_reset
                0x10000380       0x20 CMakeFiles/MainPCB.dir/C_/Users/DELL/.pico-sdk/sdk/2.2.0/src/rp2_common/hardware_sync_spin_lock/sync_spin_lock.c.obj
                0x10000380                spin_locks_reset
 .text.set_raw_irq_handler_and_unlock
                0x100003a0       0x28 CMakeFiles/MainPCB.dir/C_/Users/DELL/.pico-sdk/sdk/2.2.0/src/rp2_common/hardware_irq/irq.c.obj
 .text.nvic_ipr0
                0x100003c8        0x8 CMakeFiles/MainPCB.dir/C_/Users/DELL/.pico-sdk/sdk/2.2.0/src/rp2_common/hardware_irq/irq.c.obj
 .text.runtime_init_per_core_irq_priorities
                0x100003d0       0x1c CMakeFiles/MainPCB.dir/C_/Users/DELL/.pico-sdk/sdk/2.2.0/src/rp2_common/hardware_irq/irq.c.obj
                0x100003d0                runtime_init_per_core_irq_priorities
 .text.irq_set_mask_n_enabled
                0x100003ec       0x1c CMakeFiles/MainPCB.dir/C_/Users/DELL/.pico-sdk/sdk/2.2.0/src/rp2_common/hardware_irq/irq.c.obj
                0x100003ec                irq_set_mask_n_enabled
 .text.irq_set_enabled
                0x10000408       0x14 CMakeFiles/MainPCB.dir/C_/Users/DELL/.pico-sdk/sdk/2.2.0/src/rp2_common/hardware_irq/irq.c.obj
                0x10000408                irq_set_enabled
 .text.irq_get_vtable_handler
                0x1000041c       0x10 CMakeFiles/MainPCB.dir/C_/Users/DELL/.pico-sdk/sdk/2.2.0/src/rp2_common/hardware_irq/irq.c.obj
                0x1000041c                irq_get_vtable_handler
 .text.irq_set_exclusive_handler
                0x1000042c       0x54 CMakeFiles/MainPCB.dir/C_/Users/DELL/.pico-sdk/sdk/2.2.0/src/rp2_common/hardware_irq/irq.c.obj
                0x1000042c                irq_set_exclusive_handler
 .text.lock_init
                0x10000480       0x10 CMakeFiles/MainPCB.dir/C_/Users/DELL/.pico-sdk/sdk/2.2.0/src/common/pico_sync/lock_core.c.obj
                0x10000480                lock_init
 .text.mutex_init
                0x10000490       0x1a CMakeFiles/MainPCB.dir/C_/Users/DELL/.pico-sdk/sdk/2.2.0/src/common/pico_sync/mutex.c.obj
                0x10000490                mutex_init
 .text.recursive_mutex_init
                0x100004aa       0x1e CMakeFiles/MainPCB.dir/C_/Users/DELL/.pico-sdk/sdk/2.2.0/src/common/pico_sync/mutex.c.obj
                0x100004aa                recursive_mutex_init
 .text.runtime_init_mutex
                0x100004c8       0x4c CMakeFiles/MainPCB.dir/C_/Users/DELL/.pico-sdk/sdk/2.2.0/src/common/pico_sync/mutex.c.obj
                0x100004c8                runtime_init_mutex
 .text.ta_set_timeout
                0x10000514       0x24 CMakeFiles/MainPCB.dir/C_/Users/DELL/.pico-sdk/sdk/2.2.0/src/common/pico_time/time.c.obj
 .text.make_alarm_id
                0x10000538        0x6 CMakeFiles/MainPCB.dir/C_/Users/DELL/.pico-sdk/sdk/2.2.0/src/common/pico_time/time.c.obj
 *fill*         0x1000053e        0x2 
 .text.sleep_until_callback
                0x10000540       0x30 CMakeFiles/MainPCB.dir/C_/Users/DELL/.pico-sdk/sdk/2.2.0/src/common/pico_time/time.c.obj
 .text.alarm_pool_irq_handler
                0x10000570      0x2f0 CMakeFiles/MainPCB.dir/C_/Users/DELL/.pico-sdk/sdk/2.2.0/src/common/pico_time/time.c.obj
 .text.ta_enable_irq_handler
                0x10000860       0x2c CMakeFiles/MainPCB.dir/C_/Users/DELL/.pico-sdk/sdk/2.2.0/src/common/pico_time/time.c.obj
 .text.alarm_pool_post_alloc_init
                0x1000088c       0x78 CMakeFiles/MainPCB.dir/C_/Users/DELL/.pico-sdk/sdk/2.2.0/src/common/pico_time/time.c.obj
 .text.alarm_pool_get_default
                0x10000904       0x2c CMakeFiles/MainPCB.dir/C_/Users/DELL/.pico-sdk/sdk/2.2.0/src/common/pico_time/time.c.obj
                0x10000904                alarm_pool_get_default
 .text.alarm_pool_add_alarm_at_force_in_context
                0x10000930       0xa4 CMakeFiles/MainPCB.dir/C_/Users/DELL/.pico-sdk/sdk/2.2.0/src/common/pico_time/time.c.obj
                0x10000930                alarm_pool_add_alarm_at_force_in_context
 .text.alarm_pool_add_alarm_at
                0x100009d4       0x3c CMakeFiles/MainPCB.dir/C_/Users/DELL/.pico-sdk/sdk/2.2.0/src/common/pico_time/time.c.obj
                0x100009d4                alarm_pool_add_alarm_at
 .text.add_alarm_at
                0x10000a10       0x2e CMakeFiles/MainPCB.dir/C_/Users/DELL/.pico-sdk/sdk/2.2.0/src/common/pico_time/time.c.obj
 *fill*         0x10000a3e        0x2 
 .text.alarm_pool_cancel_alarm
                0x10000a40       0x78 CMakeFiles/MainPCB.dir/C_/Users/DELL/.pico-sdk/sdk/2.2.0/src/common/pico_time/time.c.obj
                0x10000a40                alarm_pool_cancel_alarm
 .text.cancel_alarm
                0x10000ab8       0x10 CMakeFiles/MainPCB.dir/C_/Users/DELL/.pico-sdk/sdk/2.2.0/src/common/pico_time/time.c.obj
 .text.best_effort_wfe_or_timeout
                0x10000ac8      0x11c CMakeFiles/MainPCB.dir/C_/Users/DELL/.pico-sdk/sdk/2.2.0/src/common/pico_time/time.c.obj
                0x10000ac8                best_effort_wfe_or_timeout
 .text.alarm_pool_get_default_timer
                0x10000be4        0x8 CMakeFiles/MainPCB.dir/C_/Users/DELL/.pico-sdk/sdk/2.2.0/src/common/pico_time/time.c.obj
                0x10000be4                alarm_pool_get_default_timer
 .text.runtime_init_default_alarm_pool
                0x10000bec       0x38 CMakeFiles/MainPCB.dir/C_/Users/DELL/.pico-sdk/sdk/2.2.0/src/common/pico_time/time.c.obj
                0x10000bec                runtime_init_default_alarm_pool
 .text.timer_hardware_alarm_claim
                0x10000c24       0x14 CMakeFiles/MainPCB.dir/C_/Users/DELL/.pico-sdk/sdk/2.2.0/src/rp2_common/hardware_timer/timer.c.obj
                0x10000c24                timer_hardware_alarm_claim
 .text.timer_time_us_64
                0x10000c38       0x10 CMakeFiles/MainPCB.dir/C_/Users/DELL/.pico-sdk/sdk/2.2.0/src/rp2_common/hardware_timer/timer.c.obj
                0x10000c38                timer_time_us_64
 .text.time_us_64
                0x10000c48       0x10 CMakeFiles/MainPCB.dir/C_/Users/DELL/.pico-sdk/sdk/2.2.0/src/rp2_common/hardware_timer/timer.c.obj
                0x10000c48                time_us_64
 .text.clock_configure_internal
                0x10000c58       0xc4 CMakeFiles/MainPCB.dir/C_/Users/DELL/.pico-sdk/sdk/2.2.0/src/rp2_common/hardware_clocks/clocks.c.obj
 .text.clock_configure_int_divider
                0x10000d1c       0x28 CMakeFiles/MainPCB.dir/C_/Users/DELL/.pico-sdk/sdk/2.2.0/src/rp2_common/hardware_clocks/clocks.c.obj
                0x10000d1c                clock_configure_int_divider
 .text.clock_configure_undivided
                0x10000d44       0x12 CMakeFiles/MainPCB.dir/C_/Users/DELL/.pico-sdk/sdk/2.2.0/src/rp2_common/hardware_clocks/clocks.c.obj
                0x10000d44                clock_configure_undivided
 *fill*         0x10000d56        0x2 
 .text.clock_get_hz
                0x10000d58        0xc CMakeFiles/MainPCB.dir/C_/Users/DELL/.pico-sdk/sdk/2.2.0/src/rp2_common/hardware_clocks/clocks.c.obj
                0x10000d58                clock_get_hz
 .text.pll_init
                0x10000d64      0x124 CMakeFiles/MainPCB.dir/C_/Users/DELL/.pico-sdk/sdk/2.2.0/src/rp2_common/hardware_pll/pll.c.obj
                0x10000d64                pll_init
 .text.tick_start
                0x10000e88       0x10 CMakeFiles/MainPCB.dir/C_/Users/DELL/.pico-sdk/sdk/2.2.0/src/rp2_common/hardware_ticks/ticks.c.obj
                0x10000e88                tick_start
 .text.rom_func_lookup
                0x10000e98       0x10 CMakeFiles/MainPCB.dir/C_/Users/DELL/.pico-sdk/sdk/2.2.0/src/rp2_common/pico_bootrom/bootrom.c.obj
                0x10000e98                rom_func_lookup
 .text.rom_data_lookup
                0x10000ea8       0x10 CMakeFiles/MainPCB.dir/C_/Users/DELL/.pico-sdk/sdk/2.2.0/src/rp2_common/pico_bootrom/bootrom.c.obj
                0x10000ea8                rom_data_lookup
 .text.rom_funcs_lookup
                0x10000eb8       0x36 CMakeFiles/MainPCB.dir/C_/Users/DELL/.pico-sdk/sdk/2.2.0/src/rp2_common/pico_bootrom/bootrom.c.obj
                0x10000eb8                rom_funcs_lookup
 *fill*         0x10000eee        0x2 
 .text.xosc_init
                0x10000ef0       0x2c CMakeFiles/MainPCB.dir/C_/Users/DELL/.pico-sdk/sdk/2.2.0/src/rp2_common/hardware_xosc/xosc.c.obj
                0x10000ef0                xosc_init
 .text.runtime_run_initializers_from
                0x10000f1c       0x18 CMakeFiles/MainPCB.dir/C_/Users/DELL/.pico-sdk/sdk/2.2.0/src/rp2_common/pico_runtime/runtime.c.obj
 .text.first_per_core_initializer
                0x10000f34        0x2 CMakeFiles/MainPCB.dir/C_/Users/DELL/.pico-sdk/sdk/2.2.0/src/rp2_common/pico_runtime/runtime.c.obj
 *fill*         0x10000f36        0x2 
 .text.runtime_run_initializers
                0x10000f38       0x10 CMakeFiles/MainPCB.dir/C_/Users/DELL/.pico-sdk/sdk/2.2.0/src/rp2_common/pico_runtime/runtime.c.obj
                0x10000f38                runtime_run_initializers
 .text.runtime_init_early_resets
                0x10000f48       0x2c CMakeFiles/MainPCB.dir/C_/Users/DELL/.pico-sdk/sdk/2.2.0/src/rp2_common/pico_runtime_init/runtime_init.c.obj
                0x10000f48                runtime_init_early_resets
 .text.runtime_init_usb_power_down
                0x10000f74       0x1c CMakeFiles/MainPCB.dir/C_/Users/DELL/.pico-sdk/sdk/2.2.0/src/rp2_common/pico_runtime_init/runtime_init.c.obj
                0x10000f74                runtime_init_usb_power_down
 .text.runtime_init_post_clock_resets
                0x10000f90       0x20 CMakeFiles/MainPCB.dir/C_/Users/DELL/.pico-sdk/sdk/2.2.0/src/rp2_common/pico_runtime_init/runtime_init.c.obj
                0x10000f90                runtime_init_post_clock_resets
 .text.runtime_init_rp2040_gpio_ie_disable
                0x10000fb0       0x14 CMakeFiles/MainPCB.dir/C_/Users/DELL/.pico-sdk/sdk/2.2.0/src/rp2_common/pico_runtime_init/runtime_init.c.obj
                0x10000fb0                runtime_init_rp2040_gpio_ie_disable
 .text.runtime_init_spin_locks_reset
                0x10000fc4        0x8 CMakeFiles/MainPCB.dir/C_/Users/DELL/.pico-sdk/sdk/2.2.0/src/rp2_common/pico_runtime_init/runtime_init.c.obj
                0x10000fc4                runtime_init_spin_locks_reset
 .text.runtime_init_install_ram_vector_table
                0x10000fcc       0x48 CMakeFiles/MainPCB.dir/C_/Users/DELL/.pico-sdk/sdk/2.2.0/src/rp2_common/pico_runtime_init/runtime_init.c.obj
                0x10000fcc                runtime_init_install_ram_vector_table
 .text.start_all_ticks
                0x10001014       0x28 CMakeFiles/MainPCB.dir/C_/Users/DELL/.pico-sdk/sdk/2.2.0/src/rp2_common/pico_runtime_init/runtime_init_clocks.c.obj
 .text.runtime_init_clocks
                0x1000103c       0xcc CMakeFiles/MainPCB.dir/C_/Users/DELL/.pico-sdk/sdk/2.2.0/src/rp2_common/pico_runtime_init/runtime_init_clocks.c.obj
                0x1000103c                runtime_init_clocks
 .text          0x10001108       0x10 CMakeFiles/MainPCB.dir/C_/Users/DELL/.pico-sdk/sdk/2.2.0/src/rp2_common/pico_bit_ops/bit_ops_aeabi.S.obj
 .text.__wrap___aeabi_idiv
                0x10001118       0x50 CMakeFiles/MainPCB.dir/C_/Users/DELL/.pico-sdk/sdk/2.2.0/src/rp2_common/pico_divider/divider_hardware.S.obj
                0x10001118                __wrap___aeabi_idivmod
                0x10001118                divmod_s32s32
                0x10001118                div_s32s32
                0x10001118                __wrap___aeabi_idiv
                0x10001120                divmod_s32s32_unsafe
                0x1000114c                divmod_s32s32_savestate
 .text.__wrap___aeabi_uidiv
                0x10001168       0x4c CMakeFiles/MainPCB.dir/C_/Users/DELL/.pico-sdk/sdk/2.2.0/src/rp2_common/pico_divider/divider_hardware.S.obj
                0x10001168                __wrap___aeabi_uidiv
                0x10001168                __wrap___aeabi_uidivmod
                0x10001168                div_u32u32
                0x10001168                divmod_u32u32
                0x10001170                divmod_u32u32_unsafe
                0x10001198                divmod_u32u32_savestate
 .text.__wrap___aeabi_ldiv
                0x100011b4      0x424 CMakeFiles/MainPCB.dir/C_/Users/DELL/.pico-sdk/sdk/2.2.0/src/rp2_common/pico_divider/divider_hardware.S.obj
                0x100011b4                div_s64s64
                0x100011b4                divmod_s64s64
                0x100011b4                __wrap___aeabi_ldivmod
                0x100011e4                divmod_u64u64
                0x100011e4                div_u64u64
                0x100011e4                __wrap___aeabi_uldivmod
                0x100011f4                divmod_u64u64_savestate
                0x10001214                divmod_s64s64_unsafe
                0x1000129c                divmod_u64u64_unsafe
 .text.__wrap___aeabi_darithmetic
                0x100015d8       0x80 CMakeFiles/MainPCB.dir/C_/Users/DELL/.pico-sdk/sdk/2.2.0/src/rp2_common/pico_double/double_aeabi_rp2040.S.obj
                0x100015d8                __wrap___aeabi_drsub
                0x100015de                __wrap___aeabi_dsub
                0x100015f0                __wrap___aeabi_dadd
                0x10001602                __wrap___aeabi_ddiv
                0x1000163e                __wrap___aeabi_dmul
 .text.__wrap___aeabi_cdcmple
                0x10001658       0x6c CMakeFiles/MainPCB.dir/C_/Users/DELL/.pico-sdk/sdk/2.2.0/src/rp2_common/pico_double/double_aeabi_rp2040.S.obj
                0x10001658                __wrap___aeabi_cdrcmple
                0x10001668                __wrap___aeabi_cdcmpeq
                0x10001668                __wrap___aeabi_cdcmple
 .text.__wrap___aeabi_dcmplt
                0x100016c4        0xc CMakeFiles/MainPCB.dir/C_/Users/DELL/.pico-sdk/sdk/2.2.0/src/rp2_common/pico_double/double_aeabi_rp2040.S.obj
                0x100016c4                __wrap___aeabi_dcmplt
 .text.__wrap___aeabi_dcmple
                0x100016d0       0x10 CMakeFiles/MainPCB.dir/C_/Users/DELL/.pico-sdk/sdk/2.2.0/src/rp2_common/pico_double/double_aeabi_rp2040.S.obj
                0x100016d0                __wrap___aeabi_dcmple
 .text.__wrap___aeabi_dcmpge
                0x100016e0       0x10 CMakeFiles/MainPCB.dir/C_/Users/DELL/.pico-sdk/sdk/2.2.0/src/rp2_common/pico_double/double_aeabi_rp2040.S.obj
                0x100016e0                __wrap___aeabi_dcmpge
 .text.__wrap___aeabi_dcmpgt
                0x100016f0        0xa CMakeFiles/MainPCB.dir/C_/Users/DELL/.pico-sdk/sdk/2.2.0/src/rp2_common/pico_double/double_aeabi_rp2040.S.obj
                0x100016f0                __wrap___aeabi_dcmpgt
 .text.__wrap___aeabi_dcmpun
                0x100016fa       0x18 CMakeFiles/MainPCB.dir/C_/Users/DELL/.pico-sdk/sdk/2.2.0/src/rp2_common/pico_double/double_aeabi_rp2040.S.obj
                0x100016fa                __wrap___aeabi_dcmpun
 *fill*         0x10001712        0x2 
 .text.__wrap___aeabi_i2d
                0x10001714       0x38 CMakeFiles/MainPCB.dir/C_/Users/DELL/.pico-sdk/sdk/2.2.0/src/rp2_common/pico_double/double_aeabi_rp2040.S.obj
                0x10001714                uint2double
                0x10001714                __wrap___aeabi_ui2d
                0x1000171c                int2double
                0x1000171c                __wrap___aeabi_i2d
 .text.__wrap___aeabi_d2iz
                0x1000174c       0x48 CMakeFiles/MainPCB.dir/C_/Users/DELL/.pico-sdk/sdk/2.2.0/src/rp2_common/pico_double/double_aeabi_rp2040.S.obj
                0x1000174c                double2int_z
                0x1000174c                __wrap___aeabi_d2iz
 .text.__wrap___aeabi_d2uiz
                0x10001794       0x18 CMakeFiles/MainPCB.dir/C_/Users/DELL/.pico-sdk/sdk/2.2.0/src/rp2_common/pico_double/double_aeabi_rp2040.S.obj
                0x10001794                double2uint
                0x10001794                __wrap___aeabi_d2uiz
                0x10001794                double2uint_z
 .text.__aeabi_double_init
                0x100017ac       0xcc CMakeFiles/MainPCB.dir/C_/Users/DELL/.pico-sdk/sdk/2.2.0/src/rp2_common/pico_double/double_init_rom_rp2040.c.obj
                0x100017ac                __aeabi_double_init
 .text.double_table_shim_on_use_helper
                0x10001878       0x34 CMakeFiles/MainPCB.dir/C_/Users/DELL/.pico-sdk/sdk/2.2.0/src/rp2_common/pico_double/double_v1_rom_shim_rp2040.S.obj
                0x10001878                double_table_shim_on_use_helper
 .text.__wrap___aeabi_dsub
                0x100018ac       0x10 CMakeFiles/MainPCB.dir/C_/Users/DELL/.pico-sdk/sdk/2.2.0/src/rp2_common/pico_double/double_v1_rom_shim_rp2040.S.obj
                0x100018ac                drsub_shim
                0x100018b2                dsub_shim
 .text.dadd_shim
                0x100018bc      0x15c CMakeFiles/MainPCB.dir/C_/Users/DELL/.pico-sdk/sdk/2.2.0/src/rp2_common/pico_double/double_v1_rom_shim_rp2040.S.obj
                0x100018bc                dadd_shim
 .text.dmul_shim
                0x10001a18      0x15c CMakeFiles/MainPCB.dir/C_/Users/DELL/.pico-sdk/sdk/2.2.0/src/rp2_common/pico_double/double_v1_rom_shim_rp2040.S.obj
                0x10001a18                dmul_shim
 .text.ddiv_shim
                0x10001b74      0x1b0 CMakeFiles/MainPCB.dir/C_/Users/DELL/.pico-sdk/sdk/2.2.0/src/rp2_common/pico_double/double_v1_rom_shim_rp2040.S.obj
                0x10001b74                ddiv_shim
 .text.double2uint_shim
                0x10001d24        0xe CMakeFiles/MainPCB.dir/C_/Users/DELL/.pico-sdk/sdk/2.2.0/src/rp2_common/pico_double/double_v1_rom_shim_rp2040.S.obj
                0x10001d24                double2uint_shim
                0x10001d26                double2ufix_shim
 *fill*         0x10001d32        0x2 
 .text.double2uint64_shim
                0x10001d34       0x70 CMakeFiles/MainPCB.dir/C_/Users/DELL/.pico-sdk/sdk/2.2.0/src/rp2_common/pico_double/double_v1_rom_shim_rp2040.S.obj
                0x10001d34                double2uint64_shim
                0x10001d36                double2ufix64_shim
                0x10001d56                d2fix_a
 .text.dunpacks
                0x10001da4       0x3c CMakeFiles/MainPCB.dir/C_/Users/DELL/.pico-sdk/sdk/2.2.0/src/rp2_common/pico_double/double_v1_rom_shim_rp2040.S.obj
                0x10001da4                dunpacks
 .text.__aeabi_float_init
                0x10001de0       0xfc CMakeFiles/MainPCB.dir/C_/Users/DELL/.pico-sdk/sdk/2.2.0/src/rp2_common/pico_float/float_init_rom_rp2040.c.obj
                0x10001de0                __aeabi_float_init
 .text.float_table_shim_on_use_helper
                0x10001edc       0x34 CMakeFiles/MainPCB.dir/C_/Users/DELL/.pico-sdk/sdk/2.2.0/src/rp2_common/pico_float/float_v1_rom_shim_rp2040.S.obj
                0x10001edc                float_table_shim_on_use_helper
 .text          0x10001f10       0x10 CMakeFiles/MainPCB.dir/C_/Users/DELL/.pico-sdk/sdk/2.2.0/src/rp2_common/pico_mem_ops/mem_ops_aeabi.S.obj
                0x10001f10                __aeabi_mem_init
 .text.memset   0x10001f20        0xc CMakeFiles/MainPCB.dir/C_/Users/DELL/.pico-sdk/sdk/2.2.0/src/rp2_common/pico_mem_ops/mem_ops_aeabi.S.obj
                0x10001f20                __wrap_memset
 .text.memcpy   0x10001f2c        0xc CMakeFiles/MainPCB.dir/C_/Users/DELL/.pico-sdk/sdk/2.2.0/src/rp2_common/pico_mem_ops/mem_ops_aeabi.S.obj
                0x10001f2c                __wrap_memcpy
                0x10001f2c                __wrap___aeabi_memcpy
 .text._out_null
                0x10001f38        0x2 CMakeFiles/MainPCB.dir/C_/Users/DELL/.pico-sdk/sdk/2.2.0/src/rp2_common/pico_printf/printf.c.obj
 .text._out_fct
                0x10001f3a        0xe CMakeFiles/MainPCB.dir/C_/Users/DELL/.pico-sdk/sdk/2.2.0/src/rp2_common/pico_printf/printf.c.obj
 .text._atoi    0x10001f48       0x24 CMakeFiles/MainPCB.dir/C_/Users/DELL/.pico-sdk/sdk/2.2.0/src/rp2_common/pico_printf/printf.c.obj
 .text._out_rev
                0x10001f6c       0xb0 CMakeFiles/MainPCB.dir/C_/Users/DELL/.pico-sdk/sdk/2.2.0/src/rp2_common/pico_printf/printf.c.obj
 .text._ntoa_format
                0x1000201c      0x10e CMakeFiles/MainPCB.dir/C_/Users/DELL/.pico-sdk/sdk/2.2.0/src/rp2_common/pico_printf/printf.c.obj
 .text._ntoa_long
                0x1000212a       0xbc CMakeFiles/MainPCB.dir/C_/Users/DELL/.pico-sdk/sdk/2.2.0/src/rp2_common/pico_printf/printf.c.obj
 .text._ntoa_long_long
                0x100021e6      0x10e CMakeFiles/MainPCB.dir/C_/Users/DELL/.pico-sdk/sdk/2.2.0/src/rp2_common/pico_printf/printf.c.obj
 .text._etoa    0x100022f4      0x424 CMakeFiles/MainPCB.dir/C_/Users/DELL/.pico-sdk/sdk/2.2.0/src/rp2_common/pico_printf/printf.c.obj
 .text._ftoa    0x10002718      0x348 CMakeFiles/MainPCB.dir/C_/Users/DELL/.pico-sdk/sdk/2.2.0/src/rp2_common/pico_printf/printf.c.obj
 .text._vsnprintf
                0x10002a60      0x6a4 CMakeFiles/MainPCB.dir/C_/Users/DELL/.pico-sdk/sdk/2.2.0/src/rp2_common/pico_printf/printf.c.obj
 .text.vfctprintf
                0x10003104       0x24 CMakeFiles/MainPCB.dir/C_/Users/DELL/.pico-sdk/sdk/2.2.0/src/rp2_common/pico_printf/printf.c.obj
                0x10003104                vfctprintf
 .text._exit    0x10003128        0x4 CMakeFiles/MainPCB.dir/C_/Users/DELL/.pico-sdk/sdk/2.2.0/src/rp2_common/pico_clib_interface/newlib_interface.c.obj
                0x10003128                _exit
 .text.exit     0x1000312c        0x6 CMakeFiles/MainPCB.dir/C_/Users/DELL/.pico-sdk/sdk/2.2.0/src/rp2_common/pico_clib_interface/newlib_interface.c.obj
                0x1000312c                exit
 *fill*         0x10003132        0x2 
 .text.__assert_func
                0x10003134       0x38 CMakeFiles/MainPCB.dir/C_/Users/DELL/.pico-sdk/sdk/2.2.0/src/rp2_common/pico_clib_interface/newlib_interface.c.obj
                0x10003134                __assert_func
 .text.runtime_init
                0x1000316c       0x28 CMakeFiles/MainPCB.dir/C_/Users/DELL/.pico-sdk/sdk/2.2.0/src/rp2_common/pico_clib_interface/newlib_interface.c.obj
                0x1000316c                runtime_init
 .text.stdio_out_chars_no_crlf
                0x10003194        0xe CMakeFiles/MainPCB.dir/C_/Users/DELL/.pico-sdk/sdk/2.2.0/src/rp2_common/pico_stdio/stdio.c.obj
 *fill*         0x100031a2        0x2 
 .text.stdio_out_chars_crlf
                0x100031a4       0x80 CMakeFiles/MainPCB.dir/C_/Users/DELL/.pico-sdk/sdk/2.2.0/src/rp2_common/pico_stdio/stdio.c.obj
 .text.stdio_stack_buffer_flush
                0x10003224       0x44 CMakeFiles/MainPCB.dir/C_/Users/DELL/.pico-sdk/sdk/2.2.0/src/rp2_common/pico_stdio/stdio.c.obj
 .text.stdio_buffered_printer
                0x10003268       0x20 CMakeFiles/MainPCB.dir/C_/Users/DELL/.pico-sdk/sdk/2.2.0/src/rp2_common/pico_stdio/stdio.c.obj
 .text.stdout_serialize_begin
                0x10003288       0x30 CMakeFiles/MainPCB.dir/C_/Users/DELL/.pico-sdk/sdk/2.2.0/src/rp2_common/pico_stdio/stdio.c.obj
                0x10003288                stdout_serialize_begin
 .text.stdout_serialize_end
                0x100032b8       0x10 CMakeFiles/MainPCB.dir/C_/Users/DELL/.pico-sdk/sdk/2.2.0/src/rp2_common/pico_stdio/stdio.c.obj
                0x100032b8                stdout_serialize_end
 .text.stdio_put_string
                0x100032c8       0x94 CMakeFiles/MainPCB.dir/C_/Users/DELL/.pico-sdk/sdk/2.2.0/src/rp2_common/pico_stdio/stdio.c.obj
                0x100032c8                stdio_put_string
 .text.stdio_flush
                0x1000335c       0x20 CMakeFiles/MainPCB.dir/C_/Users/DELL/.pico-sdk/sdk/2.2.0/src/rp2_common/pico_stdio/stdio.c.obj
                0x1000335c                stdio_flush
 .text.__wrap_puts
                0x1000337c       0x1e CMakeFiles/MainPCB.dir/C_/Users/DELL/.pico-sdk/sdk/2.2.0/src/rp2_common/pico_stdio/stdio.c.obj
                0x1000337c                stdio_puts
                0x1000337c                __wrap_puts
 *fill*         0x1000339a        0x2 
 .text.__wrap_vprintf
                0x1000339c       0x40 CMakeFiles/MainPCB.dir/C_/Users/DELL/.pico-sdk/sdk/2.2.0/src/rp2_common/pico_stdio/stdio.c.obj
                0x1000339c                stdio_vprintf
                0x1000339c                __wrap_vprintf
 .text.__wrap_printf
                0x100033dc       0x18 CMakeFiles/MainPCB.dir/C_/Users/DELL/.pico-sdk/sdk/2.2.0/src/rp2_common/pico_stdio/stdio.c.obj
                0x100033dc                __wrap_printf
                0x100033dc                stdio_printf
 .text._retrieve_unique_id_on_boot
                0x100033f4       0x10 CMakeFiles/MainPCB.dir/C_/Users/DELL/.pico-sdk/sdk/2.2.0/src/rp2_common/pico_unique_id/unique_id.c.obj
 .text.flash_get_unique_id
                0x10003404       0x40 CMakeFiles/MainPCB.dir/C_/Users/DELL/.pico-sdk/sdk/2.2.0/src/rp2_common/hardware_flash/flash.c.obj
                0x10003404                flash_get_unique_id
 .text.strlen   0x10003444       0x5c c:/Users/DELL/.pico-sdk/toolchain/14_2_Rel1/bin/../lib/gcc/arm-none-eabi/14.2.1/thumb/v6-m/nofp\libg.a(libc_a-strlen-stub.o)
                0x10003444                strlen
 *(.fini)
 .fini          0x100034a0        0x4 c:/Users/DELL/.pico-sdk/toolchain/14_2_Rel1/bin/../lib/gcc/arm-none-eabi/14.2.1/thumb/v6-m/nofp/crti.o
                0x100034a0                _fini
 *fill*         0x100034a4        0x4 
 .fini.__stub   0x100034a8       0x50 linker stubs
 *crtbegin.o(.ctors)
 *crtbegin?.o(.ctors)
 *(EXCLUDE_FILE(*crtend.o *crtend?.o) .ctors)
 *(SORT_BY_NAME(.ctors.*))
 *(.ctors)
 *crtbegin.o(.dtors)
 *crtbegin?.o(.dtors)
 *(EXCLUDE_FILE(*crtend.o *crtend?.o) .dtors)
 *(SORT_BY_NAME(.dtors.*))
 *(.dtors)
                0x100034f8                        . = ALIGN (0x4)
                0x100034f8                        PROVIDE (__preinit_array_start = .)
 *(SORT_BY_NAME(.preinit_array.*))
 .preinit_array.00100
                0x100034f8        0x4 CMakeFiles/MainPCB.dir/C_/Users/DELL/.pico-sdk/sdk/2.2.0/src/rp2_common/pico_runtime_init/runtime_init.c.obj
                0x100034f8                __pre_init_runtime_init_early_resets
 .preinit_array.00101
                0x100034fc        0x4 CMakeFiles/MainPCB.dir/C_/Users/DELL/.pico-sdk/sdk/2.2.0/src/rp2_common/pico_runtime_init/runtime_init.c.obj
                0x100034fc                __pre_init_runtime_init_usb_power_down
 .preinit_array.00275
                0x10003500        0x4 CMakeFiles/MainPCB.dir/C_/Users/DELL/.pico-sdk/sdk/2.2.0/src/rp2_common/pico_bit_ops/bit_ops_aeabi.S.obj
 .preinit_array.00300
                0x10003504        0x4 CMakeFiles/MainPCB.dir/C_/Users/DELL/.pico-sdk/sdk/2.2.0/src/rp2_common/pico_mem_ops/mem_ops_aeabi.S.obj
 .preinit_array.00350
                0x10003508        0x4 CMakeFiles/MainPCB.dir/C_/Users/DELL/.pico-sdk/sdk/2.2.0/src/rp2_common/pico_double/double_aeabi_rp2040.S.obj
 .preinit_array.00350
                0x1000350c        0x4 CMakeFiles/MainPCB.dir/C_/Users/DELL/.pico-sdk/sdk/2.2.0/src/rp2_common/pico_float/float_aeabi_rp2040.S.obj
 .preinit_array.00500
                0x10003510        0x4 CMakeFiles/MainPCB.dir/C_/Users/DELL/.pico-sdk/sdk/2.2.0/src/rp2_common/pico_runtime_init/runtime_init.c.obj
                0x10003510                __pre_init_runtime_init_clocks
 .preinit_array.00600
                0x10003514        0x4 CMakeFiles/MainPCB.dir/C_/Users/DELL/.pico-sdk/sdk/2.2.0/src/rp2_common/pico_runtime_init/runtime_init.c.obj
                0x10003514                __pre_init_runtime_init_post_clock_resets
 .preinit_array.00700
                0x10003518        0x4 CMakeFiles/MainPCB.dir/C_/Users/DELL/.pico-sdk/sdk/2.2.0/src/rp2_common/pico_runtime_init/runtime_init.c.obj
                0x10003518                __pre_init_runtime_init_rp2040_gpio_ie_disable
 .preinit_array.01000
                0x1000351c        0x4 CMakeFiles/MainPCB.dir/C_/Users/DELL/.pico-sdk/sdk/2.2.0/src/rp2_common/pico_runtime_init/runtime_init.c.obj
                0x1000351c                __pre_init_runtime_init_spin_locks_reset
 .preinit_array.01100
                0x10003520        0x4 CMakeFiles/MainPCB.dir/C_/Users/DELL/.pico-sdk/sdk/2.2.0/src/common/pico_sync/mutex.c.obj
                0x10003520                __pre_init_runtime_init_mutex
 .preinit_array.10080
                0x10003524        0x4 CMakeFiles/MainPCB.dir/C_/Users/DELL/.pico-sdk/sdk/2.2.0/src/rp2_common/pico_runtime_init/runtime_init.c.obj
                0x10003524                __pre_init_runtime_init_install_ram_vector_table
 .preinit_array.11000
                0x10003528        0x4 CMakeFiles/MainPCB.dir/C_/Users/DELL/.pico-sdk/sdk/2.2.0/src/common/pico_time/time.c.obj
                0x10003528                __pre_init_runtime_init_default_alarm_pool
 .preinit_array.YYYYY
                0x1000352c        0x4 CMakeFiles/MainPCB.dir/C_/Users/DELL/.pico-sdk/sdk/2.2.0/src/rp2_common/pico_runtime/runtime.c.obj
                0x1000352c                __pre_init_first_per_core_initializer
 .preinit_array.ZZZZZ.01200
                0x10003530        0x4 CMakeFiles/MainPCB.dir/C_/Users/DELL/.pico-sdk/sdk/2.2.0/src/rp2_common/hardware_irq/irq.c.obj
                0x10003530                __pre_init_runtime_init_per_core_irq_priorities
 *(.preinit_array)
                0x10003534                        PROVIDE (__preinit_array_end = .)
                0x10003534                        . = ALIGN (0x4)
                0x10003534                        PROVIDE (__init_array_start = .)
 *(SORT_BY_NAME(.init_array.*))
 .init_array.01000
                0x10003534        0x4 CMakeFiles/MainPCB.dir/C_/Users/DELL/.pico-sdk/sdk/2.2.0/src/rp2_common/pico_unique_id/unique_id.c.obj
 *(.init_array)
 .init_array    0x10003538        0x4 c:/Users/DELL/.pico-sdk/toolchain/14_2_Rel1/bin/../lib/gcc/arm-none-eabi/14.2.1/thumb/v6-m/nofp/crtbegin.o
                0x1000353c                        PROVIDE (__init_array_end = .)
                0x1000353c                        . = ALIGN (0x4)
                [!provide]                        PROVIDE (__fini_array_start = .)
 *(SORT_BY_NAME(.fini_array.*))
 *(.fini_array)
                [!provide]                        PROVIDE (__fini_array_end = .)
 *(.eh_frame*)
 .eh_frame      0x1000353c        0x0 c:/Users/DELL/.pico-sdk/toolchain/14_2_Rel1/bin/../lib/gcc/arm-none-eabi/14.2.1/thumb/v6-m/nofp/crtbegin.o
                0x1000353c                        . = ALIGN (0x4)

.glue_7         0x1000353c        0x0
 .glue_7        0x1000353c        0x0 linker stubs

.glue_7t        0x1000353c        0x0
 .glue_7t       0x1000353c        0x0 linker stubs

.vfp11_veneer   0x1000353c        0x0
 .vfp11_veneer  0x1000353c        0x0 linker stubs

.v4_bx          0x1000353c        0x0
 .v4_bx         0x1000353c        0x0 linker stubs

.iplt           0x1000353c        0x0
 .iplt          0x1000353c        0x0 c:/Users/DELL/.pico-sdk/toolchain/14_2_Rel1/bin/../lib/gcc/arm-none-eabi/14.2.1/thumb/v6-m/nofp/crtbegin.o

.rodata         0x10003540      0xa04
 *(EXCLUDE_FILE(*libm.a: *libc.a:*lib_a-mem*.o *libgcc.a:) .rodata*)
 .rodata.panic.str1.4
                0x10003540      0x6e5 CMakeFiles/MainPCB.dir/C_/Users/DELL/.pico-sdk/sdk/2.2.0/src/rp2_common/pico_platform_panic/panic.c.obj
                                 0x12 (size before relaxing)
 .rodata.resolve_j_16.str1.4
                0x10003c25       0x5c CMakeFiles/MainPCB.dir/C_/Users/DELL/.pico-sdk/sdk/2.2.0/src/rp2_common/hardware_irq/irq.c.obj
 .rodata.irq_set_exclusive_handler.str1.4
                0x10003c25       0x36 CMakeFiles/MainPCB.dir/C_/Users/DELL/.pico-sdk/sdk/2.2.0/src/rp2_common/hardware_irq/irq.c.obj
 *fill*         0x10003c25        0x3 
 .rodata.__func__.6
                0x10003c28       0x1a CMakeFiles/MainPCB.dir/C_/Users/DELL/.pico-sdk/sdk/2.2.0/src/rp2_common/hardware_irq/irq.c.obj
 .rodata.runtime_init_mutex.str1.4
                0x10003c42       0x5f CMakeFiles/MainPCB.dir/C_/Users/DELL/.pico-sdk/sdk/2.2.0/src/common/pico_sync/mutex.c.obj
 .rodata.str1.4
                0x10003c42       0x51 CMakeFiles/MainPCB.dir/C_/Users/DELL/.pico-sdk/sdk/2.2.0/src/common/pico_sync/mutex.c.obj
 *fill*         0x10003c42        0x2 
 .rodata.__func__.1
                0x10003c44        0xb CMakeFiles/MainPCB.dir/C_/Users/DELL/.pico-sdk/sdk/2.2.0/src/common/pico_sync/mutex.c.obj
 *fill*         0x10003c4f        0x1 
 .rodata.__func__.3
                0x10003c50       0x18 CMakeFiles/MainPCB.dir/C_/Users/DELL/.pico-sdk/sdk/2.2.0/src/common/pico_sync/mutex.c.obj
 .rodata.__func__.6
                0x10003c68       0x13 CMakeFiles/MainPCB.dir/C_/Users/DELL/.pico-sdk/sdk/2.2.0/src/common/pico_sync/mutex.c.obj
 .rodata.alarm_pool_irq_handler.str1.4
                0x10003c7b       0x6a CMakeFiles/MainPCB.dir/C_/Users/DELL/.pico-sdk/sdk/2.2.0/src/common/pico_time/time.c.obj
 .rodata.alarm_pool_get_default.str1.4
                0x10003c7b       0x21 CMakeFiles/MainPCB.dir/C_/Users/DELL/.pico-sdk/sdk/2.2.0/src/common/pico_time/time.c.obj
 *fill*         0x10003c7b        0x1 
 .rodata.__func__.1
                0x10003c7c       0x17 CMakeFiles/MainPCB.dir/C_/Users/DELL/.pico-sdk/sdk/2.2.0/src/common/pico_time/time.c.obj
 *fill*         0x10003c93        0x1 
 .rodata.__func__.2
                0x10003c94       0x17 CMakeFiles/MainPCB.dir/C_/Users/DELL/.pico-sdk/sdk/2.2.0/src/common/pico_time/time.c.obj
 .rodata.timer_hardware_alarm_claim.str1.4
                0x10003cab       0x22 CMakeFiles/MainPCB.dir/C_/Users/DELL/.pico-sdk/sdk/2.2.0/src/rp2_common/hardware_timer/timer.c.obj
 .rodata.pll_init.str1.4
                0x10003cab      0x118 CMakeFiles/MainPCB.dir/C_/Users/DELL/.pico-sdk/sdk/2.2.0/src/rp2_common/hardware_pll/pll.c.obj
 *fill*         0x10003cab        0x1 
 .rodata.__func__.0
                0x10003cac        0x9 CMakeFiles/MainPCB.dir/C_/Users/DELL/.pico-sdk/sdk/2.2.0/src/rp2_common/hardware_pll/pll.c.obj
 .rodata.__aeabi_double_init.str1.4
                0x10003cb5       0x9a CMakeFiles/MainPCB.dir/C_/Users/DELL/.pico-sdk/sdk/2.2.0/src/rp2_common/pico_double/double_init_rom_rp2040.c.obj
 *fill*         0x10003cb5        0x3 
 .rodata.__func__.0
                0x10003cb8       0x14 CMakeFiles/MainPCB.dir/C_/Users/DELL/.pico-sdk/sdk/2.2.0/src/rp2_common/pico_double/double_init_rom_rp2040.c.obj
 .rodata.__aeabi_float_init.str1.4
                0x10003ccc       0x8c CMakeFiles/MainPCB.dir/C_/Users/DELL/.pico-sdk/sdk/2.2.0/src/rp2_common/pico_float/float_init_rom_rp2040.c.obj
 .rodata.__func__.0
                0x10003ccc       0x13 CMakeFiles/MainPCB.dir/C_/Users/DELL/.pico-sdk/sdk/2.2.0/src/rp2_common/pico_float/float_init_rom_rp2040.c.obj
 .rodata.str1.4
                0x10003cdf       0x40 CMakeFiles/MainPCB.dir/C_/Users/DELL/.pico-sdk/sdk/2.2.0/src/rp2_common/pico_standard_binary_info/standard_binary_info.c.obj
 *fill*         0x10003cdf        0x1 
 .rodata.__bi_84
                0x10003ce0        0xc CMakeFiles/MainPCB.dir/C_/Users/DELL/.pico-sdk/sdk/2.2.0/src/rp2_common/pico_standard_binary_info/standard_binary_info.c.obj
 .rodata.__bi_78
                0x10003cec        0xc CMakeFiles/MainPCB.dir/C_/Users/DELL/.pico-sdk/sdk/2.2.0/src/rp2_common/pico_standard_binary_info/standard_binary_info.c.obj
 .rodata.__bi_60
                0x10003cf8        0xc CMakeFiles/MainPCB.dir/C_/Users/DELL/.pico-sdk/sdk/2.2.0/src/rp2_common/pico_standard_binary_info/standard_binary_info.c.obj
 .rodata.__bi_54
                0x10003d04        0xc CMakeFiles/MainPCB.dir/C_/Users/DELL/.pico-sdk/sdk/2.2.0/src/rp2_common/pico_standard_binary_info/standard_binary_info.c.obj
 .rodata.__bi_48
                0x10003d10        0xc CMakeFiles/MainPCB.dir/C_/Users/DELL/.pico-sdk/sdk/2.2.0/src/rp2_common/pico_standard_binary_info/standard_binary_info.c.obj
 .rodata.__bi_42
                0x10003d1c        0xc CMakeFiles/MainPCB.dir/C_/Users/DELL/.pico-sdk/sdk/2.2.0/src/rp2_common/pico_standard_binary_info/standard_binary_info.c.obj
 .rodata.__bi_34
                0x10003d28        0xc CMakeFiles/MainPCB.dir/C_/Users/DELL/.pico-sdk/sdk/2.2.0/src/rp2_common/pico_standard_binary_info/standard_binary_info.c.obj
 .rodata.__bi_26
                0x10003d34        0xc CMakeFiles/MainPCB.dir/C_/Users/DELL/.pico-sdk/sdk/2.2.0/src/rp2_common/pico_standard_binary_info/standard_binary_info.c.obj
 .rodata._ftoa.str1.4
                0x10003d40       0x15 CMakeFiles/MainPCB.dir/C_/Users/DELL/.pico-sdk/sdk/2.2.0/src/rp2_common/pico_printf/printf.c.obj
 .rodata._vsnprintf
                0x10003d40      0x19c CMakeFiles/MainPCB.dir/C_/Users/DELL/.pico-sdk/sdk/2.2.0/src/rp2_common/pico_printf/printf.c.obj
 *fill*         0x10003edc        0x4 
 .rodata.pow10.0
                0x10003ee0       0x50 CMakeFiles/MainPCB.dir/C_/Users/DELL/.pico-sdk/sdk/2.2.0/src/rp2_common/pico_printf/printf.c.obj
 .rodata.__assert_func.str1.4
                0x10003f30       0x43 CMakeFiles/MainPCB.dir/C_/Users/DELL/.pico-sdk/sdk/2.2.0/src/rp2_common/pico_clib_interface/newlib_interface.c.obj
 .rodata.crlf_str.0
                0x10003f30        0x2 CMakeFiles/MainPCB.dir/C_/Users/DELL/.pico-sdk/sdk/2.2.0/src/rp2_common/pico_stdio/stdio.c.obj
 .rodata.str1.4
                0x10003f32      0x201 CMakeFiles/MainPCB.dir/C_/Users/DELL/.pico-sdk/sdk/2.2.0/src/rp2_common/hardware_flash/flash.c.obj
 *fill*         0x10003f32        0x2 
 .rodata.__func__.0
                0x10003f34        0xd CMakeFiles/MainPCB.dir/C_/Users/DELL/.pico-sdk/sdk/2.2.0/src/rp2_common/hardware_flash/flash.c.obj
                0x10003f44                        . = ALIGN (0x4)
 *fill*         0x10003f41        0x3 
 *(SORT_BY_ALIGNMENT(SORT_BY_NAME(.flashdata*)))
                0x10003f44                        . = ALIGN (0x4)

.ARM.extab
 *(.ARM.extab* .gnu.linkonce.armextab.*)
                0x10003f44                        __exidx_start = .

.ARM.exidx
 *(.ARM.exidx* .gnu.linkonce.armexidx.*)
                0x10003f44                        __exidx_end = .
                0x10003f44                        . = ALIGN (0x4)
                0x10003f44                        __binary_info_start = .

.binary_info    0x10003f44       0x20
 *(.binary_info.keep.*)
 .binary_info.keep.__bi_ptr84
                0x10003f44        0x4 CMakeFiles/MainPCB.dir/C_/Users/DELL/.pico-sdk/sdk/2.2.0/src/rp2_common/pico_standard_binary_info/standard_binary_info.c.obj
 .binary_info.keep.__bi_ptr78
                0x10003f48        0x4 CMakeFiles/MainPCB.dir/C_/Users/DELL/.pico-sdk/sdk/2.2.0/src/rp2_common/pico_standard_binary_info/standard_binary_info.c.obj
 .binary_info.keep.__bi_ptr60
                0x10003f4c        0x4 CMakeFiles/MainPCB.dir/C_/Users/DELL/.pico-sdk/sdk/2.2.0/src/rp2_common/pico_standard_binary_info/standard_binary_info.c.obj
 .binary_info.keep.__bi_ptr54
                0x10003f50        0x4 CMakeFiles/MainPCB.dir/C_/Users/DELL/.pico-sdk/sdk/2.2.0/src/rp2_common/pico_standard_binary_info/standard_binary_info.c.obj
 .binary_info.keep.__bi_ptr48
                0x10003f54        0x4 CMakeFiles/MainPCB.dir/C_/Users/DELL/.pico-sdk/sdk/2.2.0/src/rp2_common/pico_standard_binary_info/standard_binary_info.c.obj
 .binary_info.keep.__bi_ptr42
                0x10003f58        0x4 CMakeFiles/MainPCB.dir/C_/Users/DELL/.pico-sdk/sdk/2.2.0/src/rp2_common/pico_standard_binary_info/standard_binary_info.c.obj
 .binary_info.keep.__bi_ptr34
                0x10003f5c        0x4 CMakeFiles/MainPCB.dir/C_/Users/DELL/.pico-sdk/sdk/2.2.0/src/rp2_common/pico_standard_binary_info/standard_binary_info.c.obj
 .binary_info.keep.__bi_ptr26
                0x10003f60        0x4 CMakeFiles/MainPCB.dir/C_/Users/DELL/.pico-sdk/sdk/2.2.0/src/rp2_common/pico_standard_binary_info/standard_binary_info.c.obj
 *(.binary_info.*)
                0x10003f64                        __binary_info_end = .
                0x10003f64                        . = ALIGN (0x4)

.ram_vector_table
                0x20000000       0xc0
 *(.ram_vector_table)
 .ram_vector_table
                0x20000000       0xc0 CMakeFiles/MainPCB.dir/C_/Users/DELL/.pico-sdk/sdk/2.2.0/src/rp2_common/pico_runtime_init/runtime_init.c.obj
                0x20000000                ram_vector_table

.uninitialized_data
                0x200000c0        0x0
                0x200000c0                        . = ALIGN (0x4)
 *(.uninitialized_data*)

.data           0x200000c0      0x358 load address 0x10003f64
                0x200000c0                        __data_start__ = .
 *(vtable)
 *(.time_critical*)
 .time_critical.mutex_try_enter
                0x200000c0       0x48 CMakeFiles/MainPCB.dir/C_/Users/DELL/.pico-sdk/sdk/2.2.0/src/common/pico_sync/mutex.c.obj
                0x200000c0                mutex_try_enter
 .time_critical.mutex_enter_block_until
                0x20000108       0x90 CMakeFiles/MainPCB.dir/C_/Users/DELL/.pico-sdk/sdk/2.2.0/src/common/pico_sync/mutex.c.obj
                0x20000108                mutex_enter_block_until
 .time_critical.mutex_try_enter_block_until
                0x20000198       0x34 CMakeFiles/MainPCB.dir/C_/Users/DELL/.pico-sdk/sdk/2.2.0/src/common/pico_sync/mutex.c.obj
                0x20000198                mutex_try_enter_block_until
 .time_critical.mutex_exit
                0x200001cc       0x4c CMakeFiles/MainPCB.dir/C_/Users/DELL/.pico-sdk/sdk/2.2.0/src/common/pico_sync/mutex.c.obj
                0x200001cc                mutex_exit
 .time_critical.flash_init_boot2_copyout
                0x20000218       0x30 CMakeFiles/MainPCB.dir/C_/Users/DELL/.pico-sdk/sdk/2.2.0/src/rp2_common/hardware_flash/flash.c.obj
 .time_critical.flash_enable_xip_via_boot2
                0x20000248        0xc CMakeFiles/MainPCB.dir/C_/Users/DELL/.pico-sdk/sdk/2.2.0/src/rp2_common/hardware_flash/flash.c.obj
 .time_critical.flash_save_hardware_state
                0x20000254       0x1c CMakeFiles/MainPCB.dir/C_/Users/DELL/.pico-sdk/sdk/2.2.0/src/rp2_common/hardware_flash/flash.c.obj
 .time_critical.flash_restore_hardware_state
                0x20000270       0x20 CMakeFiles/MainPCB.dir/C_/Users/DELL/.pico-sdk/sdk/2.2.0/src/rp2_common/hardware_flash/flash.c.obj
 .time_critical.flash_cs_force
                0x20000290       0x28 CMakeFiles/MainPCB.dir/C_/Users/DELL/.pico-sdk/sdk/2.2.0/src/rp2_common/hardware_flash/flash.c.obj
 .time_critical.flash_do_cmd
                0x200002b8       0xec CMakeFiles/MainPCB.dir/C_/Users/DELL/.pico-sdk/sdk/2.2.0/src/rp2_common/hardware_flash/flash.c.obj
                0x200002b8                flash_do_cmd
 *(.text*)
 .text          0x200003a4        0x4 c:/Users/DELL/.pico-sdk/toolchain/14_2_Rel1/bin/../lib/gcc/arm-none-eabi/14.2.1/thumb/v6-m/nofp\libgcc.a(_dvmd_tls.o)
                0x200003a4                __aeabi_idiv0
                0x200003a4                __aeabi_ldiv0
 .text.__stub   0x200003a8       0x20 linker stubs
                0x200003c8                        . = ALIGN (0x4)
 *(.rodata*)
                0x200003c8                        . = ALIGN (0x4)
 *(.data*)
 .data.striped_spin_lock_num
                0x200003c8        0x1 CMakeFiles/MainPCB.dir/C_/Users/DELL/.pico-sdk/sdk/2.2.0/src/rp2_common/hardware_sync/sync.c.obj
 *fill*         0x200003c9        0x3 
 .data.default_alarm_pool
                0x200003cc       0x18 CMakeFiles/MainPCB.dir/C_/Users/DELL/.pico-sdk/sdk/2.2.0/src/common/pico_time/time.c.obj
 *fill*         0x200003e4        0xc 
 .data.aeabi_bits_funcs
                0x200003f0       0x10 CMakeFiles/MainPCB.dir/C_/Users/DELL/.pico-sdk/sdk/2.2.0/src/rp2_common/pico_bit_ops/bit_ops_aeabi.S.obj
                0x200003f0                aeabi_bits_funcs
                0x20000400                aeabi_bits_funcs_end
 .data.aeabi_mem_funcs
                0x20000400       0x10 CMakeFiles/MainPCB.dir/C_/Users/DELL/.pico-sdk/sdk/2.2.0/src/rp2_common/pico_mem_ops/mem_ops_aeabi.S.obj
                0x20000400                aeabi_mem_funcs
                0x20000410                aeabi_mem_funcs_end
                0x20000410                        . = ALIGN (0x4)
 *(.after_data.*)
                0x20000410                        . = ALIGN (0x4)
                0x20000410                        PROVIDE (__mutex_array_start = .)
 *(SORT_BY_NAME(.mutex_array.*))
 *(.mutex_array)
 .mutex_array   0x20000410        0x8 CMakeFiles/MainPCB.dir/C_/Users/DELL/.pico-sdk/sdk/2.2.0/src/rp2_common/pico_stdio/stdio.c.obj
                0x20000418                        PROVIDE (__mutex_array_end = .)
                0x20000418                        . = ALIGN (0x4)
 *(.jcr)
                0x20000418                        . = ALIGN (0x4)

.tm_clone_table
                0x20000418        0x0 load address 0x100042bc
 .tm_clone_table
                0x20000418        0x0 c:/Users/DELL/.pico-sdk/toolchain/14_2_Rel1/bin/../lib/gcc/arm-none-eabi/14.2.1/thumb/v6-m/nofp/crtbegin.o
 .tm_clone_table
                0x20000418        0x0 c:/Users/DELL/.pico-sdk/toolchain/14_2_Rel1/bin/../lib/gcc/arm-none-eabi/14.2.1/thumb/v6-m/nofp/crtend.o

.igot.plt       0x20000418        0x0 load address 0x100042bc
 .igot.plt      0x20000418        0x0 c:/Users/DELL/.pico-sdk/toolchain/14_2_Rel1/bin/../lib/gcc/arm-none-eabi/14.2.1/thumb/v6-m/nofp/crtbegin.o

.tdata          0x20000418        0x0 load address 0x100042bc
                0x20000418                        . = ALIGN (0x4)
 *(.tdata .tdata.* .gnu.linkonce.td.*)
                0x20000418                        __tdata_end = .
                0x20000418                        PROVIDE (__data_end__ = .)
                0x10003f64                        __etext = LOADADDR (.data)

.tbss           0x20000418        0x0 load address 0x100042bc
                0x20000418                        . = ALIGN (0x4)
                0x20000418                        __bss_start__ = .
                0x20000418                        __tls_base = .
 *(.tbss .tbss.* .gnu.linkonce.tb.*)
 *(.tcommon)
                0x20000418                        __tls_end = .

.bss            0x20000418      0x4f0 load address 0x100042bc
                0x20000418                        . = ALIGN (0x4)
                0x20000418                        __tbss_end = .
 *(SORT_BY_ALIGNMENT(SORT_BY_NAME(.bss*)))
 .bss.default_alarm_pool_entries
                0x20000418      0x180 CMakeFiles/MainPCB.dir/C_/Users/DELL/.pico-sdk/sdk/2.2.0/src/common/pico_time/time.c.obj
 .bss.boot2_copyout
                0x20000598      0x100 CMakeFiles/MainPCB.dir/C_/Users/DELL/.pico-sdk/sdk/2.2.0/src/rp2_common/hardware_flash/flash.c.obj
 .bss.claimed   0x20000698        0x1 CMakeFiles/MainPCB.dir/C_/Users/DELL/.pico-sdk/sdk/2.2.0/src/rp2_common/hardware_timer/timer.c.obj
 *fill*         0x20000699        0x3 
 .bss.configured_freq
                0x2000069c       0x28 CMakeFiles/MainPCB.dir/C_/Users/DELL/.pico-sdk/sdk/2.2.0/src/rp2_common/hardware_clocks/clocks.c.obj
 .bss.drivers   0x200006c4        0x4 CMakeFiles/MainPCB.dir/C_/Users/DELL/.pico-sdk/sdk/2.2.0/src/rp2_common/pico_stdio/stdio.c.obj
 .bss.filter    0x200006c8        0x4 CMakeFiles/MainPCB.dir/C_/Users/DELL/.pico-sdk/sdk/2.2.0/src/rp2_common/pico_stdio/stdio.c.obj
 .bss.object.0  0x200006cc       0x18 c:/Users/DELL/.pico-sdk/toolchain/14_2_Rel1/bin/../lib/gcc/arm-none-eabi/14.2.1/thumb/v6-m/nofp/crtbegin.o
 .bss.pools     0x200006e4       0x10 CMakeFiles/MainPCB.dir/C_/Users/DELL/.pico-sdk/sdk/2.2.0/src/common/pico_time/time.c.obj
 .bss.retrieved_id
                0x200006f4        0x8 CMakeFiles/MainPCB.dir/C_/Users/DELL/.pico-sdk/sdk/2.2.0/src/rp2_common/pico_unique_id/unique_id.c.obj
 .bss.sd_table  0x200006fc      0x100 CMakeFiles/MainPCB.dir/C_/Users/DELL/.pico-sdk/sdk/2.2.0/src/rp2_common/pico_double/double_init_rom_rp2040.c.obj
                0x200006fc                sd_table
 .bss.sf_clz_func
                0x200007fc        0x4 CMakeFiles/MainPCB.dir/C_/Users/DELL/.pico-sdk/sdk/2.2.0/src/rp2_common/pico_double/double_init_rom_rp2040.c.obj
                0x200007fc                sf_clz_func
 .bss.sf_table  0x20000800      0x100 CMakeFiles/MainPCB.dir/C_/Users/DELL/.pico-sdk/sdk/2.2.0/src/rp2_common/pico_float/float_init_rom_rp2040.c.obj
                0x20000800                sf_table
 .bss.sleep_notifier
                0x20000900        0x4 CMakeFiles/MainPCB.dir/C_/Users/DELL/.pico-sdk/sdk/2.2.0/src/common/pico_time/time.c.obj
 .bss.boot2_copyout_valid
                0x20000904        0x1 CMakeFiles/MainPCB.dir/C_/Users/DELL/.pico-sdk/sdk/2.2.0/src/rp2_common/hardware_flash/flash.c.obj
 *(COMMON)
                0x20000908                        . = ALIGN (0x4)
 *fill*         0x20000905        0x3 
                0x20000908                        __bss_end__ = .

.heap           0x20000908      0x800 load address 0x100042bc
                0x20000908                        __end__ = .
                0x20000908                        end = __end__
 *(.heap*)
 .heap          0x20000908      0x800 CMakeFiles/MainPCB.dir/C_/Users/DELL/.pico-sdk/sdk/2.2.0/src/rp2_common/pico_crt0/crt0.S.obj
                0x20040000                        __HeapLimit = (ORIGIN (RAM) + LENGTH (RAM))

.scratch_x      0x20040000        0x0 load address 0x100042bc
                0x20040000                        __scratch_x_start__ = .
 *(.scratch_x.*)
                0x20040000                        . = ALIGN (0x4)
                0x20040000                        __scratch_x_end__ = .
                0x100042bc                        __scratch_x_source__ = LOADADDR (.scratch_x)

.scratch_y      0x20041000        0x0 load address 0x100042bc
                0x20041000                        __scratch_y_start__ = .
 *(.scratch_y.*)
                0x20041000                        . = ALIGN (0x4)
                0x20041000                        __scratch_y_end__ = .
                0x100042bc                        __scratch_y_source__ = LOADADDR (.scratch_y)

.stack1_dummy
 *(.stack1*)

.stack_dummy    0x20041000      0x800
 *(.stack*)
 .stack         0x20041000      0x800 CMakeFiles/MainPCB.dir/C_/Users/DELL/.pico-sdk/sdk/2.2.0/src/rp2_common/pico_crt0/crt0.S.obj

.rel.dyn        0x20041800        0x0
 .rel.iplt      0x20041800        0x0 c:/Users/DELL/.pico-sdk/toolchain/14_2_Rel1/bin/../lib/gcc/arm-none-eabi/14.2.1/thumb/v6-m/nofp/crtbegin.o

.flash_end      0x100042bc        0x0
 *(.embedded_end_block*)
                0x100042bc                        PROVIDE (__flash_binary_end = .)
                0x20040000                        __StackLimit = (ORIGIN (RAM) + LENGTH (RAM))
                0x20041000                        __StackOneTop = (ORIGIN (SCRATCH_X) + LENGTH (SCRATCH_X))
                0x20042000                        __StackTop = (ORIGIN (SCRATCH_Y) + LENGTH (SCRATCH_Y))
                0x20041000                        __StackOneBottom = (__StackOneTop - SIZEOF (.stack1_dummy))
                0x20041800                        __StackBottom = (__StackTop - SIZEOF (.stack_dummy))
                0x20042000                        PROVIDE (__stack = __StackTop)
                [!provide]                        PROVIDE (__heap_start = __end__)
                [!provide]                        PROVIDE (__heap_end = __HeapLimit)
                [!provide]                        PROVIDE (__tls_align = MAX (ALIGNOF (.tdata), ALIGNOF (.tbss)))
                [!provide]                        PROVIDE (__tls_size_align = (((__tls_size + __tls_align) - 0x1) & ~ ((__tls_align - 0x1))))
                [!provide]                        PROVIDE (__arm32_tls_tcb_offset = MAX (0x8, __tls_align))
                [!provide]                        PROVIDE (_end = __end__)
                [!provide]                        PROVIDE (__llvm_libc_heap_limit = __HeapLimit)
                0x00000001                        ASSERT ((__StackLimit >= __HeapLimit), region RAM overflowed)
                0x00000001                        ASSERT (((__binary_info_header_end - __logical_binary_start) <= 0x100), Binary info must be in first 256 bytes of the binary)
LOAD CMakeFiles/MainPCB.dir/MainPCB.cpp.obj
LOAD CMakeFiles/MainPCB.dir/C_/Users/DELL/.pico-sdk/sdk/2.2.0/src/rp2_common/pico_stdlib/stdlib.c.obj
LOAD CMakeFiles/MainPCB.dir/C_/Users/DELL/.pico-sdk/sdk/2.2.0/src/rp2_common/hardware_gpio/gpio.c.obj
LOAD CMakeFiles/MainPCB.dir/C_/Users/DELL/.pico-sdk/sdk/2.2.0/src/rp2040/pico_platform/platform.c.obj
LOAD CMakeFiles/MainPCB.dir/C_/Users/DELL/.pico-sdk/sdk/2.2.0/src/rp2_common/pico_platform_common/common.c.obj
LOAD CMakeFiles/MainPCB.dir/C_/Users/DELL/.pico-sdk/sdk/2.2.0/src/rp2_common/pico_platform_panic/panic.c.obj
LOAD CMakeFiles/MainPCB.dir/C_/Users/DELL/.pico-sdk/sdk/2.2.0/src/common/hardware_claim/claim.c.obj
LOAD CMakeFiles/MainPCB.dir/C_/Users/DELL/.pico-sdk/sdk/2.2.0/src/rp2_common/hardware_sync/sync.c.obj
LOAD CMakeFiles/MainPCB.dir/C_/Users/DELL/.pico-sdk/sdk/2.2.0/src/rp2_common/hardware_sync_spin_lock/sync_spin_lock.c.obj
LOAD CMakeFiles/MainPCB.dir/C_/Users/DELL/.pico-sdk/sdk/2.2.0/src/rp2_common/hardware_irq/irq.c.obj
LOAD CMakeFiles/MainPCB.dir/C_/Users/DELL/.pico-sdk/sdk/2.2.0/src/rp2_common/hardware_irq/irq_handler_chain.S.obj
LOAD CMakeFiles/MainPCB.dir/C_/Users/DELL/.pico-sdk/sdk/2.2.0/src/common/pico_sync/sem.c.obj
LOAD CMakeFiles/MainPCB.dir/C_/Users/DELL/.pico-sdk/sdk/2.2.0/src/common/pico_sync/lock_core.c.obj
LOAD CMakeFiles/MainPCB.dir/C_/Users/DELL/.pico-sdk/sdk/2.2.0/src/common/pico_sync/mutex.c.obj
LOAD CMakeFiles/MainPCB.dir/C_/Users/DELL/.pico-sdk/sdk/2.2.0/src/common/pico_sync/critical_section.c.obj
LOAD CMakeFiles/MainPCB.dir/C_/Users/DELL/.pico-sdk/sdk/2.2.0/src/common/pico_time/time.c.obj
LOAD CMakeFiles/MainPCB.dir/C_/Users/DELL/.pico-sdk/sdk/2.2.0/src/common/pico_time/timeout_helper.c.obj
LOAD CMakeFiles/MainPCB.dir/C_/Users/DELL/.pico-sdk/sdk/2.2.0/src/rp2_common/hardware_timer/timer.c.obj
LOAD CMakeFiles/MainPCB.dir/C_/Users/DELL/.pico-sdk/sdk/2.2.0/src/common/pico_util/datetime.c.obj
LOAD CMakeFiles/MainPCB.dir/C_/Users/DELL/.pico-sdk/sdk/2.2.0/src/common/pico_util/pheap.c.obj
LOAD CMakeFiles/MainPCB.dir/C_/Users/DELL/.pico-sdk/sdk/2.2.0/src/common/pico_util/queue.c.obj
LOAD CMakeFiles/MainPCB.dir/C_/Users/DELL/.pico-sdk/sdk/2.2.0/src/rp2_common/hardware_uart/uart.c.obj
LOAD CMakeFiles/MainPCB.dir/C_/Users/DELL/.pico-sdk/sdk/2.2.0/src/rp2_common/hardware_clocks/clocks.c.obj
LOAD CMakeFiles/MainPCB.dir/C_/Users/DELL/.pico-sdk/sdk/2.2.0/src/rp2_common/hardware_pll/pll.c.obj
LOAD CMakeFiles/MainPCB.dir/C_/Users/DELL/.pico-sdk/sdk/2.2.0/src/rp2_common/hardware_vreg/vreg.c.obj
LOAD CMakeFiles/MainPCB.dir/C_/Users/DELL/.pico-sdk/sdk/2.2.0/src/rp2_common/hardware_watchdog/watchdog.c.obj
LOAD CMakeFiles/MainPCB.dir/C_/Users/DELL/.pico-sdk/sdk/2.2.0/src/rp2_common/hardware_ticks/ticks.c.obj
LOAD CMakeFiles/MainPCB.dir/C_/Users/DELL/.pico-sdk/sdk/2.2.0/src/rp2_common/pico_bootrom/bootrom.c.obj
LOAD CMakeFiles/MainPCB.dir/C_/Users/DELL/.pico-sdk/sdk/2.2.0/src/rp2_common/pico_bootrom/bootrom_lock.c.obj
LOAD CMakeFiles/MainPCB.dir/C_/Users/DELL/.pico-sdk/sdk/2.2.0/src/rp2_common/hardware_boot_lock/boot_lock.c.obj
LOAD CMakeFiles/MainPCB.dir/C_/Users/DELL/.pico-sdk/sdk/2.2.0/src/rp2_common/pico_flash/flash.c.obj
LOAD CMakeFiles/MainPCB.dir/C_/Users/DELL/.pico-sdk/sdk/2.2.0/src/rp2_common/hardware_xosc/xosc.c.obj
LOAD CMakeFiles/MainPCB.dir/C_/Users/DELL/.pico-sdk/sdk/2.2.0/src/rp2_common/hardware_divider/divider.S.obj
LOAD CMakeFiles/MainPCB.dir/C_/Users/DELL/.pico-sdk/sdk/2.2.0/src/rp2_common/pico_runtime/runtime.c.obj
LOAD CMakeFiles/MainPCB.dir/C_/Users/DELL/.pico-sdk/sdk/2.2.0/src/rp2_common/pico_runtime_init/runtime_init.c.obj
LOAD CMakeFiles/MainPCB.dir/C_/Users/DELL/.pico-sdk/sdk/2.2.0/src/rp2_common/pico_runtime_init/runtime_init_clocks.c.obj
LOAD CMakeFiles/MainPCB.dir/C_/Users/DELL/.pico-sdk/sdk/2.2.0/src/rp2_common/pico_runtime_init/runtime_init_stack_guard.c.obj
LOAD CMakeFiles/MainPCB.dir/C_/Users/DELL/.pico-sdk/sdk/2.2.0/src/rp2_common/pico_bit_ops/bit_ops_aeabi.S.obj
LOAD CMakeFiles/MainPCB.dir/C_/Users/DELL/.pico-sdk/sdk/2.2.0/src/rp2_common/pico_divider/divider_hardware.S.obj
LOAD CMakeFiles/MainPCB.dir/C_/Users/DELL/.pico-sdk/sdk/2.2.0/src/rp2_common/pico_double/double_aeabi_rp2040.S.obj
LOAD CMakeFiles/MainPCB.dir/C_/Users/DELL/.pico-sdk/sdk/2.2.0/src/rp2_common/pico_double/double_init_rom_rp2040.c.obj
LOAD CMakeFiles/MainPCB.dir/C_/Users/DELL/.pico-sdk/sdk/2.2.0/src/rp2_common/pico_double/double_math.c.obj
LOAD CMakeFiles/MainPCB.dir/C_/Users/DELL/.pico-sdk/sdk/2.2.0/src/rp2_common/pico_double/double_v1_rom_shim_rp2040.S.obj
LOAD CMakeFiles/MainPCB.dir/C_/Users/DELL/.pico-sdk/sdk/2.2.0/src/rp2_common/pico_int64_ops/pico_int64_ops_aeabi.S.obj
LOAD CMakeFiles/MainPCB.dir/C_/Users/DELL/.pico-sdk/sdk/2.2.0/src/rp2_common/pico_float/float_aeabi_rp2040.S.obj
LOAD CMakeFiles/MainPCB.dir/C_/Users/DELL/.pico-sdk/sdk/2.2.0/src/rp2_common/pico_float/float_init_rom_rp2040.c.obj
LOAD CMakeFiles/MainPCB.dir/C_/Users/DELL/.pico-sdk/sdk/2.2.0/src/rp2_common/pico_float/float_math.c.obj
LOAD CMakeFiles/MainPCB.dir/C_/Users/DELL/.pico-sdk/sdk/2.2.0/src/rp2_common/pico_float/float_v1_rom_shim_rp2040.S.obj
LOAD CMakeFiles/MainPCB.dir/C_/Users/DELL/.pico-sdk/sdk/2.2.0/src/rp2_common/pico_malloc/malloc.c.obj
LOAD CMakeFiles/MainPCB.dir/C_/Users/DELL/.pico-sdk/sdk/2.2.0/src/rp2_common/pico_mem_ops/mem_ops_aeabi.S.obj
LOAD CMakeFiles/MainPCB.dir/C_/Users/DELL/.pico-sdk/sdk/2.2.0/src/rp2_common/pico_atomic/atomic.c.obj
LOAD CMakeFiles/MainPCB.dir/C_/Users/DELL/.pico-sdk/sdk/2.2.0/src/rp2_common/pico_cxx_options/new_delete.cpp.obj
LOAD CMakeFiles/MainPCB.dir/C_/Users/DELL/.pico-sdk/sdk/2.2.0/src/rp2_common/pico_standard_binary_info/standard_binary_info.c.obj
LOAD CMakeFiles/MainPCB.dir/C_/Users/DELL/.pico-sdk/sdk/2.2.0/src/rp2_common/pico_printf/printf.c.obj
LOAD CMakeFiles/MainPCB.dir/C_/Users/DELL/.pico-sdk/sdk/2.2.0/src/rp2_common/pico_crt0/crt0.S.obj
LOAD CMakeFiles/MainPCB.dir/C_/Users/DELL/.pico-sdk/sdk/2.2.0/src/rp2_common/pico_clib_interface/newlib_interface.c.obj
LOAD CMakeFiles/MainPCB.dir/C_/Users/DELL/.pico-sdk/sdk/2.2.0/src/rp2_common/pico_stdio/stdio.c.obj
LOAD CMakeFiles/MainPCB.dir/C_/Users/DELL/.pico-sdk/sdk/2.2.0/src/rp2_common/pico_stdio_usb/reset_interface.c.obj
LOAD CMakeFiles/MainPCB.dir/C_/Users/DELL/.pico-sdk/sdk/2.2.0/src/rp2_common/pico_stdio_usb/stdio_usb.c.obj
LOAD CMakeFiles/MainPCB.dir/C_/Users/DELL/.pico-sdk/sdk/2.2.0/src/rp2_common/pico_stdio_usb/stdio_usb_descriptors.c.obj
LOAD CMakeFiles/MainPCB.dir/C_/Users/DELL/.pico-sdk/sdk/2.2.0/src/rp2_common/pico_unique_id/unique_id.c.obj
LOAD CMakeFiles/MainPCB.dir/C_/Users/DELL/.pico-sdk/sdk/2.2.0/src/rp2_common/hardware_flash/flash.c.obj
LOAD CMakeFiles/MainPCB.dir/C_/Users/DELL/.pico-sdk/sdk/2.2.0/src/rp2_common/hardware_xip_cache/xip_cache.c.obj
LOAD CMakeFiles/MainPCB.dir/C_/Users/DELL/.pico-sdk/sdk/2.2.0/lib/tinyusb/src/portable/raspberrypi/rp2040/dcd_rp2040.c.obj
LOAD CMakeFiles/MainPCB.dir/C_/Users/DELL/.pico-sdk/sdk/2.2.0/lib/tinyusb/src/portable/raspberrypi/rp2040/rp2040_usb.c.obj
LOAD CMakeFiles/MainPCB.dir/C_/Users/DELL/.pico-sdk/sdk/2.2.0/lib/tinyusb/src/device/usbd.c.obj
LOAD CMakeFiles/MainPCB.dir/C_/Users/DELL/.pico-sdk/sdk/2.2.0/lib/tinyusb/src/device/usbd_control.c.obj
LOAD CMakeFiles/MainPCB.dir/C_/Users/DELL/.pico-sdk/sdk/2.2.0/lib/tinyusb/src/class/audio/audio_device.c.obj
LOAD CMakeFiles/MainPCB.dir/C_/Users/DELL/.pico-sdk/sdk/2.2.0/lib/tinyusb/src/class/cdc/cdc_device.c.obj
LOAD CMakeFiles/MainPCB.dir/C_/Users/DELL/.pico-sdk/sdk/2.2.0/lib/tinyusb/src/class/dfu/dfu_device.c.obj
LOAD CMakeFiles/MainPCB.dir/C_/Users/DELL/.pico-sdk/sdk/2.2.0/lib/tinyusb/src/class/dfu/dfu_rt_device.c.obj
LOAD CMakeFiles/MainPCB.dir/C_/Users/DELL/.pico-sdk/sdk/2.2.0/lib/tinyusb/src/class/hid/hid_device.c.obj
LOAD CMakeFiles/MainPCB.dir/C_/Users/DELL/.pico-sdk/sdk/2.2.0/lib/tinyusb/src/class/midi/midi_device.c.obj
LOAD CMakeFiles/MainPCB.dir/C_/Users/DELL/.pico-sdk/sdk/2.2.0/lib/tinyusb/src/class/msc/msc_device.c.obj
LOAD CMakeFiles/MainPCB.dir/C_/Users/DELL/.pico-sdk/sdk/2.2.0/lib/tinyusb/src/class/net/ecm_rndis_device.c.obj
LOAD CMakeFiles/MainPCB.dir/C_/Users/DELL/.pico-sdk/sdk/2.2.0/lib/tinyusb/src/class/net/ncm_device.c.obj
LOAD CMakeFiles/MainPCB.dir/C_/Users/DELL/.pico-sdk/sdk/2.2.0/lib/tinyusb/src/class/usbtmc/usbtmc_device.c.obj
LOAD CMakeFiles/MainPCB.dir/C_/Users/DELL/.pico-sdk/sdk/2.2.0/lib/tinyusb/src/class/vendor/vendor_device.c.obj
LOAD CMakeFiles/MainPCB.dir/C_/Users/DELL/.pico-sdk/sdk/2.2.0/lib/tinyusb/src/class/video/video_device.c.obj
LOAD CMakeFiles/MainPCB.dir/C_/Users/DELL/.pico-sdk/sdk/2.2.0/lib/tinyusb/src/tusb.c.obj
LOAD CMakeFiles/MainPCB.dir/C_/Users/DELL/.pico-sdk/sdk/2.2.0/lib/tinyusb/src/common/tusb_fifo.c.obj
LOAD CMakeFiles/MainPCB.dir/C_/Users/DELL/.pico-sdk/sdk/2.2.0/src/rp2_common/pico_fix/rp2040_usb_device_enumeration/rp2040_usb_device_enumeration.c.obj
LOAD CMakeFiles/MainPCB.dir/C_/Users/DELL/.pico-sdk/sdk/2.2.0/src/rp2_common/hardware_i2c/i2c.c.obj
LOAD pico-sdk/src/rp2040/boot_stage2/CMakeFiles/bs2_default_library.dir/./bs2_default_padded_checksummed.S.obj
LOAD c:/Users/DELL/.pico-sdk/toolchain/14_2_Rel1/bin/../lib/gcc/arm-none-eabi/14.2.1/thumb/v6-m/nofp\libstdc++.a
LOAD c:/Users/DELL/.pico-sdk/toolchain/14_2_Rel1/bin/../lib/gcc/arm-none-eabi/14.2.1/thumb/v6-m/nofp\libm.a
START GROUP
LOAD c:/Users/DELL/.pico-sdk/toolchain/14_2_Rel1/bin/../lib/gcc/arm-none-eabi/14.2.1/thumb/v6-m/nofp\libgcc.a
LOAD c:/Users/DELL/.pico-sdk/toolchain/14_2_Rel1/bin/../lib/gcc/arm-none-eabi/14.2.1/thumb/v6-m/nofp\libg.a
LOAD c:/Users/DELL/.pico-sdk/toolchain/14_2_Rel1/bin/../lib/gcc/arm-none-eabi/14.2.1/thumb/v6-m/nofp\libc.a
END GROUP
START GROUP
LOAD c:/Users/DELL/.pico-sdk/toolchain/14_2_Rel1/bin/../lib/gcc/arm-none-eabi/14.2.1/thumb/v6-m/nofp\libgcc.a
LOAD c:/Users/DELL/.pico-sdk/toolchain/14_2_Rel1/bin/../lib/gcc/arm-none-eabi/14.2.1/thumb/v6-m/nofp\libc.a
LOAD c:/Users/DELL/.pico-sdk/toolchain/14_2_Rel1/bin/../lib/gcc/arm-none-eabi/14.2.1/thumb/v6-m/nofp\libnosys.a
END GROUP
LOAD c:/Users/DELL/.pico-sdk/toolchain/14_2_Rel1/bin/../lib/gcc/arm-none-eabi/14.2.1/thumb/v6-m/nofp/crtend.o
LOAD c:/Users/DELL/.pico-sdk/toolchain/14_2_Rel1/bin/../lib/gcc/arm-none-eabi/14.2.1/thumb/v6-m/nofp/crtn.o
OUTPUT(MainPCB.elf elf32-littlearm)
LOAD linker stubs

.ARM.attributes
                0x00000000       0x28
 .ARM.attributes
                0x00000000       0x1e c:/Users/DELL/.pico-sdk/toolchain/14_2_Rel1/bin/../lib/gcc/arm-none-eabi/14.2.1/thumb/v6-m/nofp/crti.o
 .ARM.attributes
                0x0000001e       0x2c c:/Users/DELL/.pico-sdk/toolchain/14_2_Rel1/bin/../lib/gcc/arm-none-eabi/14.2.1/thumb/v6-m/nofp/crtbegin.o
 .ARM.attributes
                0x0000004a       0x2c CMakeFiles/MainPCB.dir/C_/Users/DELL/.pico-sdk/sdk/2.2.0/src/rp2_common/pico_platform_panic/panic.c.obj
 .ARM.attributes
                0x00000076       0x2c CMakeFiles/MainPCB.dir/C_/Users/DELL/.pico-sdk/sdk/2.2.0/src/common/hardware_claim/claim.c.obj
 .ARM.attributes
                0x000000a2       0x2c CMakeFiles/MainPCB.dir/C_/Users/DELL/.pico-sdk/sdk/2.2.0/src/rp2_common/hardware_sync/sync.c.obj
 .ARM.attributes
                0x000000ce       0x2c CMakeFiles/MainPCB.dir/C_/Users/DELL/.pico-sdk/sdk/2.2.0/src/rp2_common/hardware_sync_spin_lock/sync_spin_lock.c.obj
 .ARM.attributes
                0x000000fa       0x2c CMakeFiles/MainPCB.dir/C_/Users/DELL/.pico-sdk/sdk/2.2.0/src/rp2_common/hardware_irq/irq.c.obj
 .ARM.attributes
                0x00000126       0x2c CMakeFiles/MainPCB.dir/C_/Users/DELL/.pico-sdk/sdk/2.2.0/src/common/pico_sync/lock_core.c.obj
 .ARM.attributes
                0x00000152       0x2c CMakeFiles/MainPCB.dir/C_/Users/DELL/.pico-sdk/sdk/2.2.0/src/common/pico_sync/mutex.c.obj
 .ARM.attributes
                0x0000017e       0x2c CMakeFiles/MainPCB.dir/C_/Users/DELL/.pico-sdk/sdk/2.2.0/src/common/pico_time/time.c.obj
 .ARM.attributes
                0x000001aa       0x2c CMakeFiles/MainPCB.dir/C_/Users/DELL/.pico-sdk/sdk/2.2.0/src/rp2_common/hardware_timer/timer.c.obj
 .ARM.attributes
                0x000001d6       0x2c CMakeFiles/MainPCB.dir/C_/Users/DELL/.pico-sdk/sdk/2.2.0/src/rp2_common/hardware_clocks/clocks.c.obj
 .ARM.attributes
                0x00000202       0x2c CMakeFiles/MainPCB.dir/C_/Users/DELL/.pico-sdk/sdk/2.2.0/src/rp2_common/hardware_pll/pll.c.obj
 .ARM.attributes
                0x0000022e       0x2c CMakeFiles/MainPCB.dir/C_/Users/DELL/.pico-sdk/sdk/2.2.0/src/rp2_common/hardware_ticks/ticks.c.obj
 .ARM.attributes
                0x0000025a       0x2c CMakeFiles/MainPCB.dir/C_/Users/DELL/.pico-sdk/sdk/2.2.0/src/rp2_common/pico_bootrom/bootrom.c.obj
 .ARM.attributes
                0x00000286       0x2c CMakeFiles/MainPCB.dir/C_/Users/DELL/.pico-sdk/sdk/2.2.0/src/rp2_common/hardware_xosc/xosc.c.obj
 .ARM.attributes
                0x000002b2       0x2c CMakeFiles/MainPCB.dir/C_/Users/DELL/.pico-sdk/sdk/2.2.0/src/rp2_common/pico_runtime/runtime.c.obj
 .ARM.attributes
                0x000002de       0x2c CMakeFiles/MainPCB.dir/C_/Users/DELL/.pico-sdk/sdk/2.2.0/src/rp2_common/pico_runtime_init/runtime_init.c.obj
 .ARM.attributes
                0x0000030a       0x2c CMakeFiles/MainPCB.dir/C_/Users/DELL/.pico-sdk/sdk/2.2.0/src/rp2_common/pico_runtime_init/runtime_init_clocks.c.obj
 .ARM.attributes
                0x00000336       0x22 CMakeFiles/MainPCB.dir/C_/Users/DELL/.pico-sdk/sdk/2.2.0/src/rp2_common/pico_bit_ops/bit_ops_aeabi.S.obj
 .ARM.attributes
                0x00000358       0x22 CMakeFiles/MainPCB.dir/C_/Users/DELL/.pico-sdk/sdk/2.2.0/src/rp2_common/pico_divider/divider_hardware.S.obj
 .ARM.attributes
                0x0000037a       0x22 CMakeFiles/MainPCB.dir/C_/Users/DELL/.pico-sdk/sdk/2.2.0/src/rp2_common/pico_double/double_aeabi_rp2040.S.obj
 .ARM.attributes
                0x0000039c       0x2c CMakeFiles/MainPCB.dir/C_/Users/DELL/.pico-sdk/sdk/2.2.0/src/rp2_common/pico_double/double_init_rom_rp2040.c.obj
 .ARM.attributes
                0x000003c8       0x22 CMakeFiles/MainPCB.dir/C_/Users/DELL/.pico-sdk/sdk/2.2.0/src/rp2_common/pico_double/double_v1_rom_shim_rp2040.S.obj
 .ARM.attributes
                0x000003ea       0x22 CMakeFiles/MainPCB.dir/C_/Users/DELL/.pico-sdk/sdk/2.2.0/src/rp2_common/pico_float/float_aeabi_rp2040.S.obj
 .ARM.attributes
                0x0000040c       0x2c CMakeFiles/MainPCB.dir/C_/Users/DELL/.pico-sdk/sdk/2.2.0/src/rp2_common/pico_float/float_init_rom_rp2040.c.obj
 .ARM.attributes
                0x00000438       0x22 CMakeFiles/MainPCB.dir/C_/Users/DELL/.pico-sdk/sdk/2.2.0/src/rp2_common/pico_float/float_v1_rom_shim_rp2040.S.obj
 .ARM.attributes
                0x0000045a       0x22 CMakeFiles/MainPCB.dir/C_/Users/DELL/.pico-sdk/sdk/2.2.0/src/rp2_common/pico_mem_ops/mem_ops_aeabi.S.obj
 .ARM.attributes
                0x0000047c       0x2c CMakeFiles/MainPCB.dir/C_/Users/DELL/.pico-sdk/sdk/2.2.0/src/rp2_common/pico_standard_binary_info/standard_binary_info.c.obj
 .ARM.attributes
                0x000004a8       0x2c CMakeFiles/MainPCB.dir/C_/Users/DELL/.pico-sdk/sdk/2.2.0/src/rp2_common/pico_printf/printf.c.obj
 .ARM.attributes
                0x000004d4       0x22 CMakeFiles/MainPCB.dir/C_/Users/DELL/.pico-sdk/sdk/2.2.0/src/rp2_common/pico_crt0/crt0.S.obj
 .ARM.attributes
                0x000004f6       0x2c CMakeFiles/MainPCB.dir/C_/Users/DELL/.pico-sdk/sdk/2.2.0/src/rp2_common/pico_clib_interface/newlib_interface.c.obj
 .ARM.attributes
                0x00000522       0x2c CMakeFiles/MainPCB.dir/C_/Users/DELL/.pico-sdk/sdk/2.2.0/src/rp2_common/pico_stdio/stdio.c.obj
 .ARM.attributes
                0x0000054e       0x2c CMakeFiles/MainPCB.dir/C_/Users/DELL/.pico-sdk/sdk/2.2.0/src/rp2_common/pico_unique_id/unique_id.c.obj
 .ARM.attributes
                0x0000057a       0x2c CMakeFiles/MainPCB.dir/C_/Users/DELL/.pico-sdk/sdk/2.2.0/src/rp2_common/hardware_flash/flash.c.obj
 .ARM.attributes
                0x000005a6       0x22 pico-sdk/src/rp2040/boot_stage2/CMakeFiles/bs2_default_library.dir/./bs2_default_padded_checksummed.S.obj
 .ARM.attributes
                0x000005c8       0x1e c:/Users/DELL/.pico-sdk/toolchain/14_2_Rel1/bin/../lib/gcc/arm-none-eabi/14.2.1/thumb/v6-m/nofp\libgcc.a(_dvmd_tls.o)
 .ARM.attributes
                0x000005e6       0x2c c:/Users/DELL/.pico-sdk/toolchain/14_2_Rel1/bin/../lib/gcc/arm-none-eabi/14.2.1/thumb/v6-m/nofp\libg.a(libc_a-strlen-stub.o)
 .ARM.attributes
                0x00000612       0x2c c:/Users/DELL/.pico-sdk/toolchain/14_2_Rel1/bin/../lib/gcc/arm-none-eabi/14.2.1/thumb/v6-m/nofp/crtend.o

.comment        0x00000000       0x45
 .comment       0x00000000       0x45 CMakeFiles/MainPCB.dir/C_/Users/DELL/.pico-sdk/sdk/2.2.0/src/rp2_common/pico_platform_panic/panic.c.obj
                                 0x46 (size before relaxing)
 .comment       0x00000045       0x46 CMakeFiles/MainPCB.dir/C_/Users/DELL/.pico-sdk/sdk/2.2.0/src/common/hardware_claim/claim.c.obj
 .comment       0x00000045       0x46 CMakeFiles/MainPCB.dir/C_/Users/DELL/.pico-sdk/sdk/2.2.0/src/rp2_common/hardware_sync/sync.c.obj
 .comment       0x00000045       0x46 CMakeFiles/MainPCB.dir/C_/Users/DELL/.pico-sdk/sdk/2.2.0/src/rp2_common/hardware_sync_spin_lock/sync_spin_lock.c.obj
 .comment       0x00000045       0x46 CMakeFiles/MainPCB.dir/C_/Users/DELL/.pico-sdk/sdk/2.2.0/src/rp2_common/hardware_irq/irq.c.obj
 .comment       0x00000045       0x46 CMakeFiles/MainPCB.dir/C_/Users/DELL/.pico-sdk/sdk/2.2.0/src/common/pico_sync/lock_core.c.obj
 .comment       0x00000045       0x46 CMakeFiles/MainPCB.dir/C_/Users/DELL/.pico-sdk/sdk/2.2.0/src/common/pico_sync/mutex.c.obj
 .comment       0x00000045       0x46 CMakeFiles/MainPCB.dir/C_/Users/DELL/.pico-sdk/sdk/2.2.0/src/common/pico_time/time.c.obj
 .comment       0x00000045       0x46 CMakeFiles/MainPCB.dir/C_/Users/DELL/.pico-sdk/sdk/2.2.0/src/rp2_common/hardware_timer/timer.c.obj
 .comment       0x00000045       0x46 CMakeFiles/MainPCB.dir/C_/Users/DELL/.pico-sdk/sdk/2.2.0/src/rp2_common/hardware_clocks/clocks.c.obj
 .comment       0x00000045       0x46 CMakeFiles/MainPCB.dir/C_/Users/DELL/.pico-sdk/sdk/2.2.0/src/rp2_common/hardware_pll/pll.c.obj
 .comment       0x00000045       0x46 CMakeFiles/MainPCB.dir/C_/Users/DELL/.pico-sdk/sdk/2.2.0/src/rp2_common/hardware_ticks/ticks.c.obj
 .comment       0x00000045       0x46 CMakeFiles/MainPCB.dir/C_/Users/DELL/.pico-sdk/sdk/2.2.0/src/rp2_common/pico_bootrom/bootrom.c.obj
 .comment       0x00000045       0x46 CMakeFiles/MainPCB.dir/C_/Users/DELL/.pico-sdk/sdk/2.2.0/src/rp2_common/hardware_xosc/xosc.c.obj
 .comment       0x00000045       0x46 CMakeFiles/MainPCB.dir/C_/Users/DELL/.pico-sdk/sdk/2.2.0/src/rp2_common/pico_runtime/runtime.c.obj
 .comment       0x00000045       0x46 CMakeFiles/MainPCB.dir/C_/Users/DELL/.pico-sdk/sdk/2.2.0/src/rp2_common/pico_runtime_init/runtime_init.c.obj
 .comment       0x00000045       0x46 CMakeFiles/MainPCB.dir/C_/Users/DELL/.pico-sdk/sdk/2.2.0/src/rp2_common/pico_runtime_init/runtime_init_clocks.c.obj
 .comment       0x00000045       0x46 CMakeFiles/MainPCB.dir/C_/Users/DELL/.pico-sdk/sdk/2.2.0/src/rp2_common/pico_double/double_init_rom_rp2040.c.obj
 .comment       0x00000045       0x46 CMakeFiles/MainPCB.dir/C_/Users/DELL/.pico-sdk/sdk/2.2.0/src/rp2_common/pico_float/float_init_rom_rp2040.c.obj
 .comment       0x00000045       0x46 CMakeFiles/MainPCB.dir/C_/Users/DELL/.pico-sdk/sdk/2.2.0/src/rp2_common/pico_standard_binary_info/standard_binary_info.c.obj
 .comment       0x00000045       0x46 CMakeFiles/MainPCB.dir/C_/Users/DELL/.pico-sdk/sdk/2.2.0/src/rp2_common/pico_printf/printf.c.obj
 .comment       0x00000045       0x46 CMakeFiles/MainPCB.dir/C_/Users/DELL/.pico-sdk/sdk/2.2.0/src/rp2_common/pico_clib_interface/newlib_interface.c.obj
 .comment       0x00000045       0x46 CMakeFiles/MainPCB.dir/C_/Users/DELL/.pico-sdk/sdk/2.2.0/src/rp2_common/pico_stdio/stdio.c.obj
 .comment       0x00000045       0x46 CMakeFiles/MainPCB.dir/C_/Users/DELL/.pico-sdk/sdk/2.2.0/src/rp2_common/pico_unique_id/unique_id.c.obj
 .comment       0x00000045       0x46 CMakeFiles/MainPCB.dir/C_/Users/DELL/.pico-sdk/sdk/2.2.0/src/rp2_common/hardware_flash/flash.c.obj

.debug_info     0x00000000    0x135e2
 .debug_info    0x00000000      0x1b4 CMakeFiles/MainPCB.dir/C_/Users/DELL/.pico-sdk/sdk/2.2.0/src/rp2_common/pico_platform_panic/panic.c.obj
 .debug_info    0x000001b4      0x6b9 CMakeFiles/MainPCB.dir/C_/Users/DELL/.pico-sdk/sdk/2.2.0/src/common/hardware_claim/claim.c.obj
 .debug_info    0x0000086d      0x465 CMakeFiles/MainPCB.dir/C_/Users/DELL/.pico-sdk/sdk/2.2.0/src/rp2_common/hardware_sync/sync.c.obj
 .debug_info    0x00000cd2      0x2f7 CMakeFiles/MainPCB.dir/C_/Users/DELL/.pico-sdk/sdk/2.2.0/src/rp2_common/hardware_sync_spin_lock/sync_spin_lock.c.obj
 .debug_info    0x00000fc9     0x206d CMakeFiles/MainPCB.dir/C_/Users/DELL/.pico-sdk/sdk/2.2.0/src/rp2_common/hardware_irq/irq.c.obj
 .debug_info    0x00003036      0x1af CMakeFiles/MainPCB.dir/C_/Users/DELL/.pico-sdk/sdk/2.2.0/src/common/pico_sync/lock_core.c.obj
 .debug_info    0x000031e5     0x1eaa CMakeFiles/MainPCB.dir/C_/Users/DELL/.pico-sdk/sdk/2.2.0/src/common/pico_sync/mutex.c.obj
 .debug_info    0x0000508f     0x3537 CMakeFiles/MainPCB.dir/C_/Users/DELL/.pico-sdk/sdk/2.2.0/src/common/pico_time/time.c.obj
 .debug_info    0x000085c6     0x19f4 CMakeFiles/MainPCB.dir/C_/Users/DELL/.pico-sdk/sdk/2.2.0/src/rp2_common/hardware_timer/timer.c.obj
 .debug_info    0x00009fba     0x15c2 CMakeFiles/MainPCB.dir/C_/Users/DELL/.pico-sdk/sdk/2.2.0/src/rp2_common/hardware_clocks/clocks.c.obj
 .debug_info    0x0000b57c      0x64f CMakeFiles/MainPCB.dir/C_/Users/DELL/.pico-sdk/sdk/2.2.0/src/rp2_common/hardware_pll/pll.c.obj
 .debug_info    0x0000bbcb      0x2b2 CMakeFiles/MainPCB.dir/C_/Users/DELL/.pico-sdk/sdk/2.2.0/src/rp2_common/hardware_ticks/ticks.c.obj
 .debug_info    0x0000be7d      0x491 CMakeFiles/MainPCB.dir/C_/Users/DELL/.pico-sdk/sdk/2.2.0/src/rp2_common/pico_bootrom/bootrom.c.obj
 .debug_info    0x0000c30e      0x1d0 CMakeFiles/MainPCB.dir/C_/Users/DELL/.pico-sdk/sdk/2.2.0/src/rp2_common/hardware_xosc/xosc.c.obj
 .debug_info    0x0000c4de      0x1bc CMakeFiles/MainPCB.dir/C_/Users/DELL/.pico-sdk/sdk/2.2.0/src/rp2_common/pico_runtime/runtime.c.obj
 .debug_info    0x0000c69a      0x805 CMakeFiles/MainPCB.dir/C_/Users/DELL/.pico-sdk/sdk/2.2.0/src/rp2_common/pico_runtime_init/runtime_init.c.obj
 .debug_info    0x0000ce9f      0x766 CMakeFiles/MainPCB.dir/C_/Users/DELL/.pico-sdk/sdk/2.2.0/src/rp2_common/pico_runtime_init/runtime_init_clocks.c.obj
 .debug_info    0x0000d605       0x23 CMakeFiles/MainPCB.dir/C_/Users/DELL/.pico-sdk/sdk/2.2.0/src/rp2_common/pico_bit_ops/bit_ops_aeabi.S.obj
 .debug_info    0x0000d628       0x23 CMakeFiles/MainPCB.dir/C_/Users/DELL/.pico-sdk/sdk/2.2.0/src/rp2_common/pico_divider/divider_hardware.S.obj
 .debug_info    0x0000d64b       0x23 CMakeFiles/MainPCB.dir/C_/Users/DELL/.pico-sdk/sdk/2.2.0/src/rp2_common/pico_double/double_aeabi_rp2040.S.obj
 .debug_info    0x0000d66e      0x347 CMakeFiles/MainPCB.dir/C_/Users/DELL/.pico-sdk/sdk/2.2.0/src/rp2_common/pico_double/double_init_rom_rp2040.c.obj
 .debug_info    0x0000d9b5       0x23 CMakeFiles/MainPCB.dir/C_/Users/DELL/.pico-sdk/sdk/2.2.0/src/rp2_common/pico_double/double_v1_rom_shim_rp2040.S.obj
 .debug_info    0x0000d9d8       0x23 CMakeFiles/MainPCB.dir/C_/Users/DELL/.pico-sdk/sdk/2.2.0/src/rp2_common/pico_float/float_aeabi_rp2040.S.obj
 .debug_info    0x0000d9fb      0x348 CMakeFiles/MainPCB.dir/C_/Users/DELL/.pico-sdk/sdk/2.2.0/src/rp2_common/pico_float/float_init_rom_rp2040.c.obj
 .debug_info    0x0000dd43       0x23 CMakeFiles/MainPCB.dir/C_/Users/DELL/.pico-sdk/sdk/2.2.0/src/rp2_common/pico_float/float_v1_rom_shim_rp2040.S.obj
 .debug_info    0x0000dd66       0x23 CMakeFiles/MainPCB.dir/C_/Users/DELL/.pico-sdk/sdk/2.2.0/src/rp2_common/pico_mem_ops/mem_ops_aeabi.S.obj
 .debug_info    0x0000dd89      0x2e2 CMakeFiles/MainPCB.dir/C_/Users/DELL/.pico-sdk/sdk/2.2.0/src/rp2_common/pico_standard_binary_info/standard_binary_info.c.obj
 .debug_info    0x0000e06b     0x19ed CMakeFiles/MainPCB.dir/C_/Users/DELL/.pico-sdk/sdk/2.2.0/src/rp2_common/pico_printf/printf.c.obj
 .debug_info    0x0000fa58       0x23 CMakeFiles/MainPCB.dir/C_/Users/DELL/.pico-sdk/sdk/2.2.0/src/rp2_common/pico_crt0/crt0.S.obj
 .debug_info    0x0000fa7b      0xc22 CMakeFiles/MainPCB.dir/C_/Users/DELL/.pico-sdk/sdk/2.2.0/src/rp2_common/pico_clib_interface/newlib_interface.c.obj
 .debug_info    0x0001069d     0x1423 CMakeFiles/MainPCB.dir/C_/Users/DELL/.pico-sdk/sdk/2.2.0/src/rp2_common/pico_stdio/stdio.c.obj
 .debug_info    0x00011ac0      0x288 CMakeFiles/MainPCB.dir/C_/Users/DELL/.pico-sdk/sdk/2.2.0/src/rp2_common/pico_unique_id/unique_id.c.obj
 .debug_info    0x00011d48     0x189a CMakeFiles/MainPCB.dir/C_/Users/DELL/.pico-sdk/sdk/2.2.0/src/rp2_common/hardware_flash/flash.c.obj

.debug_abbrev   0x00000000     0x4433
 .debug_abbrev  0x00000000      0x12d CMakeFiles/MainPCB.dir/C_/Users/DELL/.pico-sdk/sdk/2.2.0/src/rp2_common/pico_platform_panic/panic.c.obj
 .debug_abbrev  0x0000012d      0x29f CMakeFiles/MainPCB.dir/C_/Users/DELL/.pico-sdk/sdk/2.2.0/src/common/hardware_claim/claim.c.obj
 .debug_abbrev  0x000003cc      0x1f4 CMakeFiles/MainPCB.dir/C_/Users/DELL/.pico-sdk/sdk/2.2.0/src/rp2_common/hardware_sync/sync.c.obj
 .debug_abbrev  0x000005c0      0x1f0 CMakeFiles/MainPCB.dir/C_/Users/DELL/.pico-sdk/sdk/2.2.0/src/rp2_common/hardware_sync_spin_lock/sync_spin_lock.c.obj
 .debug_abbrev  0x000007b0      0x5d1 CMakeFiles/MainPCB.dir/C_/Users/DELL/.pico-sdk/sdk/2.2.0/src/rp2_common/hardware_irq/irq.c.obj
 .debug_abbrev  0x00000d81      0x116 CMakeFiles/MainPCB.dir/C_/Users/DELL/.pico-sdk/sdk/2.2.0/src/common/pico_sync/lock_core.c.obj
 .debug_abbrev  0x00000e97      0x421 CMakeFiles/MainPCB.dir/C_/Users/DELL/.pico-sdk/sdk/2.2.0/src/common/pico_sync/mutex.c.obj
 .debug_abbrev  0x000012b8      0x62f CMakeFiles/MainPCB.dir/C_/Users/DELL/.pico-sdk/sdk/2.2.0/src/common/pico_time/time.c.obj
 .debug_abbrev  0x000018e7      0x467 CMakeFiles/MainPCB.dir/C_/Users/DELL/.pico-sdk/sdk/2.2.0/src/rp2_common/hardware_timer/timer.c.obj
 .debug_abbrev  0x00001d4e      0x491 CMakeFiles/MainPCB.dir/C_/Users/DELL/.pico-sdk/sdk/2.2.0/src/rp2_common/hardware_clocks/clocks.c.obj
 .debug_abbrev  0x000021df      0x20e CMakeFiles/MainPCB.dir/C_/Users/DELL/.pico-sdk/sdk/2.2.0/src/rp2_common/hardware_pll/pll.c.obj
 .debug_abbrev  0x000023ed      0x152 CMakeFiles/MainPCB.dir/C_/Users/DELL/.pico-sdk/sdk/2.2.0/src/rp2_common/hardware_ticks/ticks.c.obj
 .debug_abbrev  0x0000253f      0x1a9 CMakeFiles/MainPCB.dir/C_/Users/DELL/.pico-sdk/sdk/2.2.0/src/rp2_common/pico_bootrom/bootrom.c.obj
 .debug_abbrev  0x000026e8      0x11d CMakeFiles/MainPCB.dir/C_/Users/DELL/.pico-sdk/sdk/2.2.0/src/rp2_common/hardware_xosc/xosc.c.obj
 .debug_abbrev  0x00002805      0x149 CMakeFiles/MainPCB.dir/C_/Users/DELL/.pico-sdk/sdk/2.2.0/src/rp2_common/pico_runtime/runtime.c.obj
 .debug_abbrev  0x0000294e      0x258 CMakeFiles/MainPCB.dir/C_/Users/DELL/.pico-sdk/sdk/2.2.0/src/rp2_common/pico_runtime_init/runtime_init.c.obj
 .debug_abbrev  0x00002ba6      0x2ce CMakeFiles/MainPCB.dir/C_/Users/DELL/.pico-sdk/sdk/2.2.0/src/rp2_common/pico_runtime_init/runtime_init_clocks.c.obj
 .debug_abbrev  0x00002e74       0x12 CMakeFiles/MainPCB.dir/C_/Users/DELL/.pico-sdk/sdk/2.2.0/src/rp2_common/pico_bit_ops/bit_ops_aeabi.S.obj
 .debug_abbrev  0x00002e86       0x12 CMakeFiles/MainPCB.dir/C_/Users/DELL/.pico-sdk/sdk/2.2.0/src/rp2_common/pico_divider/divider_hardware.S.obj
 .debug_abbrev  0x00002e98       0x12 CMakeFiles/MainPCB.dir/C_/Users/DELL/.pico-sdk/sdk/2.2.0/src/rp2_common/pico_double/double_aeabi_rp2040.S.obj
 .debug_abbrev  0x00002eaa      0x1ab CMakeFiles/MainPCB.dir/C_/Users/DELL/.pico-sdk/sdk/2.2.0/src/rp2_common/pico_double/double_init_rom_rp2040.c.obj
 .debug_abbrev  0x00003055       0x12 CMakeFiles/MainPCB.dir/C_/Users/DELL/.pico-sdk/sdk/2.2.0/src/rp2_common/pico_double/double_v1_rom_shim_rp2040.S.obj
 .debug_abbrev  0x00003067       0x12 CMakeFiles/MainPCB.dir/C_/Users/DELL/.pico-sdk/sdk/2.2.0/src/rp2_common/pico_float/float_aeabi_rp2040.S.obj
 .debug_abbrev  0x00003079      0x1ae CMakeFiles/MainPCB.dir/C_/Users/DELL/.pico-sdk/sdk/2.2.0/src/rp2_common/pico_float/float_init_rom_rp2040.c.obj
 .debug_abbrev  0x00003227       0x12 CMakeFiles/MainPCB.dir/C_/Users/DELL/.pico-sdk/sdk/2.2.0/src/rp2_common/pico_float/float_v1_rom_shim_rp2040.S.obj
 .debug_abbrev  0x00003239       0x12 CMakeFiles/MainPCB.dir/C_/Users/DELL/.pico-sdk/sdk/2.2.0/src/rp2_common/pico_mem_ops/mem_ops_aeabi.S.obj
 .debug_abbrev  0x0000324b       0xb8 CMakeFiles/MainPCB.dir/C_/Users/DELL/.pico-sdk/sdk/2.2.0/src/rp2_common/pico_standard_binary_info/standard_binary_info.c.obj
 .debug_abbrev  0x00003303      0x382 CMakeFiles/MainPCB.dir/C_/Users/DELL/.pico-sdk/sdk/2.2.0/src/rp2_common/pico_printf/printf.c.obj
 .debug_abbrev  0x00003685       0x12 CMakeFiles/MainPCB.dir/C_/Users/DELL/.pico-sdk/sdk/2.2.0/src/rp2_common/pico_crt0/crt0.S.obj
 .debug_abbrev  0x00003697      0x35f CMakeFiles/MainPCB.dir/C_/Users/DELL/.pico-sdk/sdk/2.2.0/src/rp2_common/pico_clib_interface/newlib_interface.c.obj
 .debug_abbrev  0x000039f6      0x50b CMakeFiles/MainPCB.dir/C_/Users/DELL/.pico-sdk/sdk/2.2.0/src/rp2_common/pico_stdio/stdio.c.obj
 .debug_abbrev  0x00003f01      0x181 CMakeFiles/MainPCB.dir/C_/Users/DELL/.pico-sdk/sdk/2.2.0/src/rp2_common/pico_unique_id/unique_id.c.obj
 .debug_abbrev  0x00004082      0x3b1 CMakeFiles/MainPCB.dir/C_/Users/DELL/.pico-sdk/sdk/2.2.0/src/rp2_common/hardware_flash/flash.c.obj

.debug_aranges  0x00000000      0xe40
 .debug_aranges
                0x00000000       0x28 CMakeFiles/MainPCB.dir/C_/Users/DELL/.pico-sdk/sdk/2.2.0/src/rp2_common/pico_platform_panic/panic.c.obj
 .debug_aranges
                0x00000028       0x48 CMakeFiles/MainPCB.dir/C_/Users/DELL/.pico-sdk/sdk/2.2.0/src/common/hardware_claim/claim.c.obj
 .debug_aranges
                0x00000070       0x48 CMakeFiles/MainPCB.dir/C_/Users/DELL/.pico-sdk/sdk/2.2.0/src/rp2_common/hardware_sync/sync.c.obj
 .debug_aranges
                0x000000b8       0x28 CMakeFiles/MainPCB.dir/C_/Users/DELL/.pico-sdk/sdk/2.2.0/src/rp2_common/hardware_sync_spin_lock/sync_spin_lock.c.obj
 .debug_aranges
                0x000000e0       0xe8 CMakeFiles/MainPCB.dir/C_/Users/DELL/.pico-sdk/sdk/2.2.0/src/rp2_common/hardware_irq/irq.c.obj
 .debug_aranges
                0x000001c8       0x20 CMakeFiles/MainPCB.dir/C_/Users/DELL/.pico-sdk/sdk/2.2.0/src/common/pico_sync/lock_core.c.obj
 .debug_aranges
                0x000001e8       0x98 CMakeFiles/MainPCB.dir/C_/Users/DELL/.pico-sdk/sdk/2.2.0/src/common/pico_sync/mutex.c.obj
 .debug_aranges
                0x00000280      0x118 CMakeFiles/MainPCB.dir/C_/Users/DELL/.pico-sdk/sdk/2.2.0/src/common/pico_time/time.c.obj
 .debug_aranges
                0x00000398       0xf0 CMakeFiles/MainPCB.dir/C_/Users/DELL/.pico-sdk/sdk/2.2.0/src/rp2_common/hardware_timer/timer.c.obj
 .debug_aranges
                0x00000488       0xa0 CMakeFiles/MainPCB.dir/C_/Users/DELL/.pico-sdk/sdk/2.2.0/src/rp2_common/hardware_clocks/clocks.c.obj
 .debug_aranges
                0x00000528       0x28 CMakeFiles/MainPCB.dir/C_/Users/DELL/.pico-sdk/sdk/2.2.0/src/rp2_common/hardware_pll/pll.c.obj
 .debug_aranges
                0x00000550       0x30 CMakeFiles/MainPCB.dir/C_/Users/DELL/.pico-sdk/sdk/2.2.0/src/rp2_common/hardware_ticks/ticks.c.obj
 .debug_aranges
                0x00000580       0x40 CMakeFiles/MainPCB.dir/C_/Users/DELL/.pico-sdk/sdk/2.2.0/src/rp2_common/pico_bootrom/bootrom.c.obj
 .debug_aranges
                0x000005c0       0x30 CMakeFiles/MainPCB.dir/C_/Users/DELL/.pico-sdk/sdk/2.2.0/src/rp2_common/hardware_xosc/xosc.c.obj
 .debug_aranges
                0x000005f0       0x40 CMakeFiles/MainPCB.dir/C_/Users/DELL/.pico-sdk/sdk/2.2.0/src/rp2_common/pico_runtime/runtime.c.obj
 .debug_aranges
                0x00000630       0x48 CMakeFiles/MainPCB.dir/C_/Users/DELL/.pico-sdk/sdk/2.2.0/src/rp2_common/pico_runtime_init/runtime_init.c.obj
 .debug_aranges
                0x00000678       0x28 CMakeFiles/MainPCB.dir/C_/Users/DELL/.pico-sdk/sdk/2.2.0/src/rp2_common/pico_runtime_init/runtime_init_clocks.c.obj
 .debug_aranges
                0x000006a0       0x60 CMakeFiles/MainPCB.dir/C_/Users/DELL/.pico-sdk/sdk/2.2.0/src/rp2_common/pico_bit_ops/bit_ops_aeabi.S.obj
 .debug_aranges
                0x00000700       0x40 CMakeFiles/MainPCB.dir/C_/Users/DELL/.pico-sdk/sdk/2.2.0/src/rp2_common/pico_divider/divider_hardware.S.obj
 .debug_aranges
                0x00000740      0x150 CMakeFiles/MainPCB.dir/C_/Users/DELL/.pico-sdk/sdk/2.2.0/src/rp2_common/pico_double/double_aeabi_rp2040.S.obj
 .debug_aranges
                0x00000890       0x20 CMakeFiles/MainPCB.dir/C_/Users/DELL/.pico-sdk/sdk/2.2.0/src/rp2_common/pico_double/double_init_rom_rp2040.c.obj
 .debug_aranges
                0x000008b0       0xc8 CMakeFiles/MainPCB.dir/C_/Users/DELL/.pico-sdk/sdk/2.2.0/src/rp2_common/pico_double/double_v1_rom_shim_rp2040.S.obj
 .debug_aranges
                0x00000978      0x138 CMakeFiles/MainPCB.dir/C_/Users/DELL/.pico-sdk/sdk/2.2.0/src/rp2_common/pico_float/float_aeabi_rp2040.S.obj
 .debug_aranges
                0x00000ab0       0x20 CMakeFiles/MainPCB.dir/C_/Users/DELL/.pico-sdk/sdk/2.2.0/src/rp2_common/pico_float/float_init_rom_rp2040.c.obj
 .debug_aranges
                0x00000ad0       0x50 CMakeFiles/MainPCB.dir/C_/Users/DELL/.pico-sdk/sdk/2.2.0/src/rp2_common/pico_float/float_v1_rom_shim_rp2040.S.obj
 .debug_aranges
                0x00000b20       0x38 CMakeFiles/MainPCB.dir/C_/Users/DELL/.pico-sdk/sdk/2.2.0/src/rp2_common/pico_mem_ops/mem_ops_aeabi.S.obj
 .debug_aranges
                0x00000b58       0x18 CMakeFiles/MainPCB.dir/C_/Users/DELL/.pico-sdk/sdk/2.2.0/src/rp2_common/pico_standard_binary_info/standard_binary_info.c.obj
 .debug_aranges
                0x00000b70       0x90 CMakeFiles/MainPCB.dir/C_/Users/DELL/.pico-sdk/sdk/2.2.0/src/rp2_common/pico_printf/printf.c.obj
 .debug_aranges
                0x00000c00       0x28 CMakeFiles/MainPCB.dir/C_/Users/DELL/.pico-sdk/sdk/2.2.0/src/rp2_common/pico_crt0/crt0.S.obj
 .debug_aranges
                0x00000c28       0xa8 CMakeFiles/MainPCB.dir/C_/Users/DELL/.pico-sdk/sdk/2.2.0/src/rp2_common/pico_clib_interface/newlib_interface.c.obj
 .debug_aranges
                0x00000cd0       0xd0 CMakeFiles/MainPCB.dir/C_/Users/DELL/.pico-sdk/sdk/2.2.0/src/rp2_common/pico_stdio/stdio.c.obj
 .debug_aranges
                0x00000da0       0x30 CMakeFiles/MainPCB.dir/C_/Users/DELL/.pico-sdk/sdk/2.2.0/src/rp2_common/pico_unique_id/unique_id.c.obj
 .debug_aranges
                0x00000dd0       0x70 CMakeFiles/MainPCB.dir/C_/Users/DELL/.pico-sdk/sdk/2.2.0/src/rp2_common/hardware_flash/flash.c.obj

.debug_rnglists
                0x00000000      0xddb
 .debug_rnglists
                0x00000000       0x19 CMakeFiles/MainPCB.dir/C_/Users/DELL/.pico-sdk/sdk/2.2.0/src/rp2_common/pico_platform_panic/panic.c.obj
 .debug_rnglists
                0x00000019       0x31 CMakeFiles/MainPCB.dir/C_/Users/DELL/.pico-sdk/sdk/2.2.0/src/common/hardware_claim/claim.c.obj
 .debug_rnglists
                0x0000004a       0x31 CMakeFiles/MainPCB.dir/C_/Users/DELL/.pico-sdk/sdk/2.2.0/src/rp2_common/hardware_sync/sync.c.obj
 .debug_rnglists
                0x0000007b       0x19 CMakeFiles/MainPCB.dir/C_/Users/DELL/.pico-sdk/sdk/2.2.0/src/rp2_common/hardware_sync_spin_lock/sync_spin_lock.c.obj
 .debug_rnglists
                0x00000094      0x10e CMakeFiles/MainPCB.dir/C_/Users/DELL/.pico-sdk/sdk/2.2.0/src/rp2_common/hardware_irq/irq.c.obj
 .debug_rnglists
                0x000001a2       0x13 CMakeFiles/MainPCB.dir/C_/Users/DELL/.pico-sdk/sdk/2.2.0/src/common/pico_sync/lock_core.c.obj
 .debug_rnglists
                0x000001b5      0x135 CMakeFiles/MainPCB.dir/C_/Users/DELL/.pico-sdk/sdk/2.2.0/src/common/pico_sync/mutex.c.obj
 .debug_rnglists
                0x000002ea      0x1c9 CMakeFiles/MainPCB.dir/C_/Users/DELL/.pico-sdk/sdk/2.2.0/src/common/pico_time/time.c.obj
 .debug_rnglists
                0x000004b3       0xb2 CMakeFiles/MainPCB.dir/C_/Users/DELL/.pico-sdk/sdk/2.2.0/src/rp2_common/hardware_timer/timer.c.obj
 .debug_rnglists
                0x00000565       0xef CMakeFiles/MainPCB.dir/C_/Users/DELL/.pico-sdk/sdk/2.2.0/src/rp2_common/hardware_clocks/clocks.c.obj
 .debug_rnglists
                0x00000654       0x1a CMakeFiles/MainPCB.dir/C_/Users/DELL/.pico-sdk/sdk/2.2.0/src/rp2_common/hardware_pll/pll.c.obj
 .debug_rnglists
                0x0000066e       0x1f CMakeFiles/MainPCB.dir/C_/Users/DELL/.pico-sdk/sdk/2.2.0/src/rp2_common/hardware_ticks/ticks.c.obj
 .debug_rnglists